Component: ARM Compiler 5.05 update 1 (build 106) Tool: armlink [4d0efa]

==============================================================================

Section Cross References

    main.o(i.main) refers to init.o(i.ctrl_Init) for ctrl_Init
    main.o(i.main) refers to tasks.o(i.xTaskCreate) for xTaskCreate
    main.o(i.main) refers to tasks.o(i.vTaskStartScheduler) for vTaskStartScheduler
    main.o(i.main) refers to main.o(.data) for all_init
    main.o(i.main) refers to scheduler.o(i.start_task) for start_task
    system_stm32f10x.o(i.SetSysClock) refers to system_stm32f10x.o(i.SetSysClockTo72) for SetSysClockTo72
    system_stm32f10x.o(i.SystemCoreClockUpdate) refers to system_stm32f10x.o(.data) for SystemCoreClock
    system_stm32f10x.o(i.SystemInit) refers to system_stm32f10x.o(i.SetSysClock) for SetSysClock
    scheduler.o(i.start_task) refers to port.o(i.vPortEnterCritical) for vPortEnterCritical
    scheduler.o(i.start_task) refers to tasks.o(i.xTaskCreate) for xTaskCreate
    scheduler.o(i.start_task) refers to tasks.o(i.vTaskDelete) for vTaskDelete
    scheduler.o(i.start_task) refers to port.o(i.vPortExitCritical) for vPortExitCritical
    scheduler.o(i.start_task) refers to scheduler.o(.data) for GPSTask_Handler
    scheduler.o(i.start_task) refers to gps_ctrl.o(i.gps_task) for gps_task
    scheduler.o(i.start_task) refers to bl_gprs_ctrl.o(i.BL_GPRS_SEND_task) for BL_GPRS_SEND_task
    scheduler.o(i.start_task) refers to bl_gprs_ctrl.o(i.BL_GPRS_REC_task) for BL_GPRS_REC_task
    scheduler.o(i.start_task) refers to led_ctrl.o(i.led_task) for led_task
    init.o(i.ctrl_Init) refers to misc.o(i.NVIC_PriorityGroupConfig) for NVIC_PriorityGroupConfig
    init.o(i.ctrl_Init) refers to delay.o(i.delay_init) for delay_init
    init.o(i.ctrl_Init) refers to usart.o(i.uart_init) for uart_init
    init.o(i.ctrl_Init) refers to led.o(i.LED_Init) for LED_Init
    init.o(i.ctrl_Init) refers to lcd.o(i.LCD_Init) for LCD_Init
    init.o(i.ctrl_Init) refers to key.o(i.KEY_Init) for KEY_Init
    init.o(i.ctrl_Init) refers to usart3.o(i.usart3_init) for usart3_init
    init.o(i.ctrl_Init) refers to led.o(i.LED0_on) for LED0_on
    init.o(i.ctrl_Init) refers to led.o(i.LED1_on) for LED1_on
    init.o(i.ctrl_Init) refers to lcd.o(i.LCD_ShowString) for LCD_ShowString
    init.o(i.ctrl_Init) refers to bl_gprs_ctrl.o(i.BL_GPRS_Init) for BL_GPRS_Init
    init.o(i.ctrl_Init) refers to wdg.o(i.IWDG_Init) for IWDG_Init
    init.o(i.ctrl_Init) refers to gps_ctrl.o(i.gps_Init) for gps_Init
    init.o(i.ctrl_Init) refers to wdg.o(i.IWDG_Feed) for IWDG_Feed
    init.o(i.ctrl_Init) refers to led.o(i.LED0_off) for LED0_off
    init.o(i.ctrl_Init) refers to led.o(i.LED1_off) for LED1_off
    delay.o(i.SysTick_Handler) refers to tasks.o(i.xTaskGetSchedulerState) for xTaskGetSchedulerState
    delay.o(i.SysTick_Handler) refers to port.o(i.xPortSysTickHandler) for xPortSysTickHandler
    delay.o(i.delay_init) refers to misc.o(i.SysTick_CLKSourceConfig) for SysTick_CLKSourceConfig
    delay.o(i.delay_init) refers to system_stm32f10x.o(.data) for SystemCoreClock
    delay.o(i.delay_init) refers to delay.o(.data) for fac_us
    delay.o(i.delay_ms) refers to tasks.o(i.xTaskGetSchedulerState) for xTaskGetSchedulerState
    delay.o(i.delay_ms) refers to tasks.o(i.vTaskDelay) for vTaskDelay
    delay.o(i.delay_ms) refers to delay.o(i.delay_us) for delay_us
    delay.o(i.delay_ms) refers to delay.o(.data) for fac_ms
    delay.o(i.delay_us) refers to delay.o(.data) for fac_us
    delay.o(i.delay_xms) refers to delay.o(i.delay_us) for delay_us
    usart.o(i.USART1_IRQHandler) refers (Special) to use_no_semi_2.o(.text) for __use_no_semihosting
    usart.o(i.USART1_IRQHandler) refers to stm32f10x_usart.o(i.USART_GetITStatus) for USART_GetITStatus
    usart.o(i.USART1_IRQHandler) refers to stm32f10x_usart.o(i.USART_ReceiveData) for USART_ReceiveData
    usart.o(i.USART1_IRQHandler) refers to stm32f10x_tim.o(i.TIM_SetCounter) for TIM_SetCounter
    usart.o(i.USART1_IRQHandler) refers to stm32f10x_tim.o(i.TIM_Cmd) for TIM_Cmd
    usart.o(i.USART1_IRQHandler) refers to usart.o(.data) for USART_RX_STA
    usart.o(i.USART1_IRQHandler) refers to usart.o(.bss) for USART_RX_BUF
    usart.o(i._sys_exit) refers (Special) to use_no_semi_2.o(.text) for __use_no_semihosting
    usart.o(i.fputc) refers (Special) to use_no_semi_2.o(.text) for __use_no_semihosting
    usart.o(i.u1_printf) refers (Special) to use_no_semi_2.o(.text) for __use_no_semihosting
    usart.o(i.u1_printf) refers to c89vsprintf.o(.text) for __c89vsprintf
    usart.o(i.u1_printf) refers to strlen.o(.text) for strlen
    usart.o(i.u1_printf) refers to stm32f10x_usart.o(i.USART_GetFlagStatus) for USART_GetFlagStatus
    usart.o(i.u1_printf) refers to stm32f10x_usart.o(i.USART_SendData) for USART_SendData
    usart.o(i.u1_printf) refers to usart.o(.bss) for USART_TX_BUF
[...]
    _printf_ll                               0x080001c9   Thumb Code     0  _printf_ll.o(.ARM.Collect$$_printf_percent$$00000007)
    _printf_i                                0x080001d3   Thumb Code     0  _printf_i.o(.ARM.Collect$$_printf_percent$$00000008)
    _printf_d                                0x080001d9   Thumb Code     0  _printf_d.o(.ARM.Collect$$_printf_percent$$00000009)
    _printf_u                                0x080001df   Thumb Code     0  _printf_u.o(.ARM.Collect$$_printf_percent$$0000000A)
    _printf_o                                0x080001e5   Thumb Code     0  _printf_o.o(.ARM.Collect$$_printf_percent$$0000000B)
    _printf_x                                0x080001eb   Thumb Code     0  _printf_x.o(.ARM.Collect$$_printf_percent$$0000000C)
    _printf_lli                              0x080001f1   Thumb Code     0  _printf_lli.o(.ARM.Collect$$_printf_percent$$0000000D)
    _printf_lld                              0x080001f7   Thumb Code     0  _printf_lld.o(.ARM.Collect$$_printf_percent$$0000000E)
    _printf_llu                              0x080001fd   Thumb Code     0  _printf_llu.o(.ARM.Collect$$_printf_percent$$0000000F)
    _printf_llo                              0x08000203   Thumb Code     0  _printf_llo.o(.ARM.Collect$$_printf_percent$$00000010)
    _printf_llx                              0x08000209   Thumb Code     0  _printf_llx.o(.ARM.Collect$$_printf_percent$$00000011)
    _printf_l                                0x0800020f   Thumb Code     0  _printf_l.o(.ARM.Collect$$_printf_percent$$00000012)
    _printf_c                                0x08000219   Thumb Code     0  _printf_c.o(.ARM.Collect$$_printf_percent$$00000013)
    _printf_s                                0x0800021f   Thumb Code     0  _printf_s.o(.ARM.Collect$$_printf_percent$$00000014)
    _printf_lc                               0x08000225   Thumb Code     0  _printf_lc.o(.ARM.Collect$$_printf_percent$$00000015)
    _printf_ls                               0x0800022b   Thumb Code     0  _printf_ls.o(.ARM.Collect$$_printf_percent$$00000016)
    _printf_percent_end                      0x08000231   Thumb Code     0  _printf_percent_end.o(.ARM.Collect$$_printf_percent$$00000017)
    __rt_lib_init                            0x08000235   Thumb Code     0  libinit.o(.ARM.Collect$$libinit$$00000000)
    __rt_lib_init_fp_1                       0x08000237   Thumb Code     0  libinit2.o(.ARM.Collect$$libinit$$00000002)
    __rt_lib_init_heap_1                     0x08000237   Thumb Code     0  libinit2.o(.ARM.Collect$$libinit$$0000000A)
    __rt_lib_init_lc_common                  0x08000237   Thumb Code     0  libinit2.o(.ARM.Collect$$libinit$$0000000F)
    __rt_lib_init_preinit_1                  0x08000237   Thumb Code     0  libinit2.o(.ARM.Collect$$libinit$$00000004)
    __rt_lib_init_rand_1                     0x08000237   Thumb Code     0  libinit2.o(.ARM.Collect$$libinit$$0000000E)
    __rt_lib_init_user_alloc_1               0x08000237   Thumb Code     0  libinit2.o(.ARM.Collect$$libinit$$0000000C)
    __rt_lib_init_lc_collate_1               0x0800023d   Thumb Code     0  libinit2.o(.ARM.Collect$$libinit$$00000011)
    __rt_lib_init_lc_ctype_2                 0x0800023d   Thumb Code     0  libinit2.o(.ARM.Collect$$libinit$$00000012)
    __rt_lib_init_lc_ctype_1                 0x08000249   Thumb Code     0  libinit2.o(.ARM.Collect$$libinit$$00000013)
    __rt_lib_init_lc_monetary_1              0x08000249   Thumb Code     0  libinit2.o(.ARM.Collect$$libinit$$00000015)
    __rt_lib_init_lc_numeric_2               0x08000249   Thumb Code     0  libinit2.o(.ARM.Collect$$libinit$$00000016)
    __rt_lib_init_alloca_1                   0x08000253   Thumb Code     0  libinit2.o(.ARM.Collect$$libinit$$0000002E)
    __rt_lib_init_argv_1                     0x08000253   Thumb Code     0  libinit2.o(.ARM.Collect$$libinit$$0000002C)
    __rt_lib_init_atexit_1                   0x08000253   Thumb Code     0  libinit2.o(.ARM.Collect$$libinit$$0000001B)
    __rt_lib_init_clock_1                    0x08000253   Thumb Code     0  libinit2.o(.ARM.Collect$$libinit$$00000021)
    __rt_lib_init_cpp_1                      0x08000253   Thumb Code     0  libinit2.o(.ARM.Collect$$libinit$$00000032)
    __rt_lib_init_exceptions_1               0x08000253   Thumb Code     0  libinit2.o(.ARM.Collect$$libinit$$00000030)
    __rt_lib_init_fp_trap_1                  0x08000253   Thumb Code     0  libinit2.o(.ARM.Collect$$libinit$$0000001F)
    __rt_lib_init_getenv_1                   0x08000253   Thumb Code     0  libinit2.o(.ARM.Collect$$libinit$$00000023)
    __rt_lib_init_lc_numeric_1               0x08000253   Thumb Code     0  libinit2.o(.ARM.Collect$$libinit$$00000017)
    __rt_lib_init_lc_time_1                  0x08000253   Thumb Code     0  libinit2.o(.ARM.Collect$$libinit$$00000019)
    __rt_lib_init_return                     0x08000253   Thumb Code     0  libinit2.o(.ARM.Collect$$libinit$$00000033)
    __rt_lib_init_signal_1                   0x08000253   Thumb Code     0  libinit2.o(.ARM.Collect$$libinit$$0000001D)
    __rt_lib_init_stdio_1                    0x08000253   Thumb Code     0  libinit2.o(.ARM.Collect$$libinit$$00000025)
    __rt_lib_shutdown                        0x08000255   Thumb Code     0  libshutdown.o(.ARM.Collect$$libshutdown$$00000000)
    __rt_lib_shutdown_fp_trap_1              0x08000257   Thumb Code     0  libshutdown2.o(.ARM.Collect$$libshutdown$$00000006)
    __rt_lib_shutdown_heap_1                 0x08000257   Thumb Code     0  libshutdown2.o(.ARM.Collect$$libshutdown$$0000000E)
    __rt_lib_shutdown_return                 0x08000257   Thumb Code     0  libshutdown2.o(.ARM.Collect$$libshutdown$$0000000F)
    __rt_lib_shutdown_signal_1               0x08000257   Thumb Code     0  libshutdown2.o(.ARM.Collect$$libshutdown$$00000009)
    __rt_lib_shutdown_stdio_1                0x08000257   Thumb Code     0  libshutdown2.o(.ARM.Collect$$libshutdown$$00000003)
    __rt_lib_shutdown_user_alloc_1           0x08000257   Thumb Code     0  libshutdown2.o(.ARM.Collect$$libshutdown$$0000000B)
    __rt_entry                               0x08000259   Thumb Code     0  __rtentry.o(.ARM.Collect$$rtentry$$00000000)
    __rt_entry_presh_1                       0x08000259   Thumb Code     0  __rtentry2.o(.ARM.Collect$$rtentry$$00000002)
    __rt_entry_sh                            0x08000259   Thumb Code     0  __rtentry4.o(.ARM.Collect$$rtentry$$00000004)
    __rt_entry_li                            0x0800025f   Thumb Code     0  __rtentry2.o(.ARM.Collect$$rtentry$$0000000A)
    __rt_entry_postsh_1                      0x0800025f   Thumb Code     0  __rtentry2.o(.ARM.Collect$$rtentry$$00000009)
    __rt_entry_main                          0x08000263   Thumb Code     0  __rtentry2.o(.ARM.Collect$$rtentry$$0000000D)
    __rt_entry_postli_1                      0x08000263   Thumb Code     0  __rtentry2.o(.ARM.Collect$$rtentry$$0000000C)
    __rt_exit                                0x0800026b   Thumb Code     0  rtexit.o(.ARM.Collect$$rtexit$$00000000)
    __rt_exit_ls                             0x0800026d   Thumb Code     0  rtexit2.o(.ARM.Collect$$rtexit$$00000003)
    __rt_exit_prels_1                        0x0800026d   Thumb Code     0  rtexit2.o(.ARM.Collect$$rtexit$$00000002)
    __rt_exit_exit                           0x08000271   Thumb Code     0  rtexit2.o(.ARM.Collect$$rtexit$$00000004)
    SVC_Handler                              0x08000279   Thumb Code    32  port.o(.emb_text)
    __asm___6_port_c_39a90d8d__prvStartFirstTask 0x0800029d   Thumb Code    28  port.o(.emb_text)
    PendSV_Handler                           0x080002bd   Thumb Code    72  port.o(.emb_text)
    vPortGetIPSR                             0x08000309   Thumb Code     6  port.o(.emb_text)
    Reset_Handler                            0x08000311   Thumb Code     8  startup_stm32f10x_hd.o(.text)
    ADC1_2_IRQHandler                        0x0800032b   Thumb Code     0  startup_stm32f10x_hd.o(.text)
    ADC3_IRQHandler                          0x0800032b   Thumb Code     0  startup_stm32f10x_hd.o(.text)
    CAN1_RX1_IRQHandler                      0x0800032b   Thumb Code     0  startup_stm32f10x_hd.o(.text)
    CAN1_SCE_IRQHandler                      0x0800032b   Thumb Code     0  startup_stm32f10x_hd.o(.text)
    DMA1_Channel1_IRQHandler                 0x0800032b   Thumb Code     0  startup_stm32f10x_hd.o(.text)
    DMA1_Channel2_IRQHandler                 0x0800032b   Thumb Code     0  startup_stm32f10x_hd.o(.text)
    DMA1_Channel3_IRQHandler                 0x0800032b   Thumb Code     0  startup_stm32f10x_hd.o(.text)
    DMA1_Channel4_IRQHandler                 0x0800032b   Thumb Code     0  startup_stm32f10x_hd.o(.text)
    DMA1_Channel5_IRQHandler                 0x0800032b   Thumb Code     0  startup_stm32f10x_hd.o(.text)
    DMA1_Channel6_IRQHandler                 0x0800032b   Thumb Code     0  startup_stm32f10x_hd.o(.text)
    DMA1_Channel7_IRQHandler                 0x0800032b   Thumb Code     0  startup_stm32f10x_hd.o(.text)
    DMA2_Channel1_IRQHandler                 0x0800032b   Thumb Code     0  startup_stm32f10x_hd.o(.text)
    DMA2_Channel2_IRQHandler                 0x0800032b   Thumb Code     0  startup_stm32f10x_hd.o(.text)
    DMA2_Channel3_IRQHandler                 0x0800032b   Thumb Code     0  startup_stm32f10x_hd.o(.text)
    DMA2_Channel4_5_IRQHandler               0x0800032b   Thumb Code     0  startup_stm32f10x_hd.o(.text)
    EXTI0_IRQHandler                         0x0800032b   Thumb Code     0  startup_stm32f10x_hd.o(.text)
    EXTI15_10_IRQHandler                     0x0800032b   Thumb Code     0  startup_stm32f10x_hd.o(.text)
    EXTI1_IRQHandler                         0x0800032b   Thumb Code     0  startup_stm32f10x_hd.o(.text)
    EXTI2_IRQHandler                         0x0800032b   Thumb Code     0  startup_stm32f10x_hd.o(.text)
    EXTI3_IRQHandler                         0x0800032b   Thumb Code     0  startup_stm32f10x_hd.o(.text)
    EXTI4_IRQHandler                         0x0800032b   Thumb Code     0  startup_stm32f10x_hd.o(.text)
    EXTI9_5_IRQHandler                       0x0800032b   Thumb Code     0  startup_stm32f10x_hd.o(.text)
    FLASH_IRQHandler                         0x0800032b   Thumb Code     0  startup_stm32f10x_hd.o(.text)
    FSMC_IRQHandler                          0x0800032b   Thumb Code     0  startup_stm32f10x_hd.o(.text)
    I2C1_ER_IRQHandler                       0x0800032b   Thumb Code     0  startup_stm32f10x_hd.o(.text)
    I2C1_EV_IRQHandler                       0x0800032b   Thumb Code     0  startup_stm32f10x_hd.o(.text)
    I2C2_ER_IRQHandler                       0x0800032b   Thumb Code     0  startup_stm32f10x_hd.o(.text)
    I2C2_EV_IRQHandler                       0x0800032b   Thumb Code     0  startup_stm32f10x_hd.o(.text)
    PVD_IRQHandler                           0x0800032b   Thumb Code     0  startup_stm32f10x_hd.o(.text)
    RCC_IRQHandler                           0x0800032b   Thumb Code     0  startup_stm32f10x_hd.o(.text)
    RTCAlarm_IRQHandler                      0x0800032b   Thumb Code     0  startup_stm32f10x_hd.o(.text)
    RTC_IRQHandler                           0x0800032b   Thumb Code     0  startup_stm32f10x_hd.o(.text)
    SDIO_IRQHandler                          0x0800032b   Thumb Code     0  startup_stm32f10x_hd.o(.text)
    SPI1_IRQHandler                          0x0800032b   Thumb Code     0  startup_stm32f10x_hd.o(.text)
    SPI2_IRQHandler                          0x0800032b   Thumb Code     0  startup_stm32f10x_hd.o(.text)
    SPI3_IRQHandler                          0x0800032b   Thumb Code     0  startup_stm32f10x_hd.o(.text)
    TAMPER_IRQHandler                        0x0800032b   Thumb Code     0  startup_stm32f10x_hd.o(.text)
    TIM1_BRK_IRQHandler                      0x0800032b   Thumb Code     0  startup_stm32f10x_hd.o(.text)
    TIM1_CC_IRQHandler                       0x0800032b   Thumb Code     0  startup_stm32f10x_hd.o(.text)
    TIM1_TRG_COM_IRQHandler                  0x0800032b   Thumb Code     0  startup_stm32f10x_hd.o(.text)
    TIM1_UP_IRQHandler                       0x0800032b   Thumb Code     0  startup_stm32f10x_hd.o(.text)
    TIM2_IRQHandler                          0x0800032b   Thumb Code     0  startup_stm32f10x_hd.o(.text)
    TIM3_IRQHandler                          0x0800032b   Thumb Code     0  startup_stm32f10x_hd.o(.text)
    TIM4_IRQHandler                          0x0800032b   Thumb Code     0  startup_stm32f10x_hd.o(.text)
    TIM6_IRQHandler                          0x0800032b   Thumb Code     0  startup_stm32f10x_hd.o(.text)
    TIM8_BRK_IRQHandler                      0x0800032b   Thumb Code     0  startup_stm32f10x_hd.o(.text)
    TIM8_CC_IRQHandler                       0x0800032b   Thumb Code     0  startup_stm32f10x_hd.o(.text)
    TIM8_TRG_COM_IRQHandler                  0x0800032b   Thumb Code     0  startup_stm32f10x_hd.o(.text)
    TIM8_UP_IRQHandler                       0x0800032b   Thumb Code     0  startup_stm32f10x_hd.o(.text)
    UART4_IRQHandler                         0x0800032b   Thumb Code     0  startup_stm32f10x_hd.o(.text)
    UART5_IRQHandler                         0x0800032b   Thumb Code     0  startup_stm32f10x_hd.o(.text)
    USART2_IRQHandler                        0x0800032b   Thumb Code     0  startup_stm32f10x_hd.o(.text)
    USBWakeUp_IRQHandler                     0x0800032b   Thumb Code     0  startup_stm32f10x_hd.o(.text)
    USB_HP_CAN1_TX_IRQHandler                0x0800032b   Thumb Code     0  startup_stm32f10x_hd.o(.text)
    USB_LP_CAN1_RX0_IRQHandler               0x0800032b   Thumb Code     0  startup_stm32f10x_hd.o(.text)
    WWDG_IRQHandler                          0x0800032b   Thumb Code     0  startup_stm32f10x_hd.o(.text)
    __user_initial_stackheap                 0x0800032d   Thumb Code     0  startup_stm32f10x_hd.o(.text)
    __use_no_semihosting                     0x08000351   Thumb Code     2  use_no_semi_2.o(.text)
    __c89vsprintf                            0x08000355   Thumb Code    32  c89vsprintf.o(.text)
    __2printf                                0x08000379   Thumb Code    20  __2printf.o(.text)
    __2sprintf                               0x08000391   Thumb Code    38  __2sprintf.o(.text)
    _printf_pre_padding                      0x080003bd   Thumb Code    44  _printf_pad.o(.text)
    _printf_post_padding                     0x080003e9   Thumb Code    34  _printf_pad.o(.text)
    _printf_str                              0x0800040b   Thumb Code    82  _printf_str.o(.text)
    _printf_int_dec                          0x0800045d   Thumb Code   104  _printf_dec.o(.text)
    __printf                                 0x080004d5   Thumb Code   388  __printf_flags_ss_wp.o(.text)
    strstr                                   0x0800065d   Thumb Code    36  strstr.o(.text)
    strlen                                   0x08000681   Thumb Code    62  strlen.o(.text)
    __aeabi_memcpy                           0x080006bf   Thumb Code     0  rt_memcpy_v6.o(.text)
    __rt_memcpy                              0x080006bf   Thumb Code   138  rt_memcpy_v6.o(.text)
    _memcpy_lastbytes                        0x08000725   Thumb Code     0  rt_memcpy_v6.o(.text)
    __aeabi_memset                           0x08000749   Thumb Code    16  aeabi_memset.o(.text)
    __use_two_region_memory                  0x08000759   Thumb Code     2  heapauxi.o(.text)
    __rt_heap_escrow$2region                 0x0800075b   Thumb Code     2  heapauxi.o(.text)
    __rt_heap_expand$2region                 0x0800075d   Thumb Code     2  heapauxi.o(.text)
    __I$use$semihosting                      0x0800075f   Thumb Code     0  use_no_semi.o(.text)
    __use_no_semihosting_swi                 0x0800075f   Thumb Code     2  use_no_semi.o(.text)
    _printf_truncate_signed                  0x08000761   Thumb Code    18  _printf_truncate.o(.text)
    _printf_truncate_unsigned                0x08000773   Thumb Code    18  _printf_truncate.o(.text)
    _printf_int_common                       0x08000785   Thumb Code   178  _printf_intcommon.o(.text)
    _printf_charcount                        0x08000837   Thumb Code    40  _printf_charcount.o(.text)
    __lib_sel_fp_printf                      0x0800085f   Thumb Code     2  _printf_fp_dec.o(.text)
    _printf_fp_dec_real                      0x08000a0d   Thumb Code   620  _printf_fp_dec.o(.text)
    _printf_char_common                      0x08000c83   Thumb Code    32  _printf_char_common.o(.text)
    _sputc                                   0x08000ca9   Thumb Code    10  _sputc.o(.text)
    _printf_cs_common                        0x08000cb3   Thumb Code    20  _printf_char.o(.text)
    _printf_char                             0x08000cc7   Thumb Code    16  _printf_char.o(.text)
    _printf_string                           0x08000cd7   Thumb Code     8  _printf_char.o(.text)
    _printf_char_file                        0x08000ce1   Thumb Code    32  _printf_char_file.o(.text)
    _printf_wctomb                           0x08000d05   Thumb Code   182  _printf_wctomb.o(.text)
    _printf_longlong_dec                     0x08000dc1   Thumb Code   108  _printf_longlong_dec.o(.text)
    _printf_longlong_oct                     0x08000e3d   Thumb Code    68  _printf_oct_int_ll.o(.text)
    _printf_int_oct                          0x08000e81   Thumb Code    24  _printf_oct_int_ll.o(.text)
    _printf_ll_oct                           0x08000e99   Thumb Code    12  _printf_oct_int_ll.o(.text)
    _printf_longlong_hex                     0x08000ead   Thumb Code    86  _printf_hex_int_ll_ptr.o(.text)
    _printf_int_hex                          0x08000f03   Thumb Code    28  _printf_hex_int_ll_ptr.o(.text)
    _printf_ll_hex                           0x08000f1f   Thumb Code    12  _printf_hex_int_ll_ptr.o(.text)
    _printf_hex_ptr                          0x08000f2b   Thumb Code    18  _printf_hex_int_ll_ptr.o(.text)
    __aeabi_memcpy4                          0x08000f41   Thumb Code     0  rt_memcpy_w.o(.text)
    __aeabi_memcpy8                          0x08000f41   Thumb Code     0  rt_memcpy_w.o(.text)
    __rt_memcpy_w                            0x08000f41   Thumb Code   100  rt_memcpy_w.o(.text)
    _memcpy_lastbytes_aligned                0x08000f89   Thumb Code     0  rt_memcpy_w.o(.text)
    __aeabi_memclr                           0x08000fa5   Thumb Code     0  rt_memclr.o(.text)
    __rt_memclr                              0x08000fa5   Thumb Code    68  rt_memclr.o(.text)
    _memset                                  0x08000fa9   Thumb Code     0  rt_memclr.o(.text)
    __rt_locale                              0x08000fe9   Thumb Code     8  rt_locale_intlibspace.o(.text)
    _ll_udiv10                               0x08000ff1   Thumb Code   138  lludiv10.o(.text)
    _printf_fp_infnan                        0x0800107d   Thumb Code   112  _printf_fp_infnan.o(.text)
    _printf_lcs_common                       0x080010fd   Thumb Code    20  _printf_wchar.o(.text)
    _printf_wchar                            0x08001111   Thumb Code    16  _printf_wchar.o(.text)
    _printf_wstring                          0x08001121   Thumb Code     8  _printf_wchar.o(.text)
    _btod_etento                             0x08001129   Thumb Code   216  bigflt0.o(.text)
    ferror                                   0x08001205   Thumb Code     8  ferror.o(.text)
    _wcrtomb                                 0x0800120d   Thumb Code    64  _wcrtomb.o(.text)
    __aeabi_memclr4                          0x0800124d   Thumb Code     0  rt_memclr_w.o(.text)
    __aeabi_memclr8                          0x0800124d   Thumb Code     0  rt_memclr_w.o(.text)
    __rt_memclr_w                            0x0800124d   Thumb Code    78  rt_memclr_w.o(.text)
    _memset_w                                0x08001251   Thumb Code     0  rt_memclr_w.o(.text)
    __user_libspace                          0x0800129d   Thumb Code     8  libspace.o(.text)
    __user_perproc_libspace                  0x0800129d   Thumb Code     0  libspace.o(.text)
    __user_perthread_libspace                0x0800129d   Thumb Code     0  libspace.o(.text)
    __user_setup_stackheap                   0x080012a5   Thumb Code    74  sys_stackheap_outer.o(.text)
    __rt_ctype_table                         0x080012f1   Thumb Code    16  rt_ctype_table.o(.text)
    exit                                     0x08001301   Thumb Code    12  exit.o(.text)
    strcmp                                   0x0800130d   Thumb Code   128  strcmpv7m.o(.text)
    _btod_d2e                                0x0800138d   Thumb Code    62  btod.o(CL$$btod_d2e)
    _d2e_denorm_low                          0x080013cb   Thumb Code    70  btod.o(CL$$btod_d2e_denorm_low)
    _d2e_norm_op1                            0x08001411   Thumb Code    96  btod.o(CL$$btod_d2e_norm_op1)
    __btod_div_common                        0x08001471   Thumb Code   696  btod.o(CL$$btod_div_common)
    _e2e                                     0x080017a9   Thumb Code   198  btod.o(CL$$btod_e2e)
    _btod_ediv                               0x0800186f   Thumb Code    40  btod.o(CL$$btod_ediv)
    _btod_emul                               0x08001897   Thumb Code    40  btod.o(CL$$btod_emul)
    __btod_mult_common                       0x080018bf   Thumb Code   580  btod.o(CL$$btod_mult_common)
    BL_GPRS_Init                             0x08001b05   Thumb Code   158  bl_gprs_ctrl.o(i.BL_GPRS_Init)
    BL_GPRS_Msg_Show                         0x08001c05   Thumb Code   344  bl_gprs_ctrl.o(i.BL_GPRS_Msg_Show)
    BL_GPRS_REC_task                         0x08001ded   Thumb Code    36  bl_gprs_ctrl.o(i.BL_GPRS_REC_task)
    BL_GPRS_SEND_task                        0x08001e11   Thumb Code    36  bl_gprs_ctrl.o(i.BL_GPRS_SEND_task)
    BusFault_Handler                         0x08001e35   Thumb Code     4  stm32f10x_it.o(i.BusFault_Handler)
    DebugMon_Handler                         0x08001e39   Thumb Code     2  stm32f10x_it.o(i.DebugMon_Handler)
    FSMC_NORSRAMCmd                          0x08001e3d   Thumb Code    46  stm32f10x_fsmc.o(i.FSMC_NORSRAMCmd)
    FSMC_NORSRAMInit                         0x08001e71   Thumb Code   230  stm32f10x_fsmc.o(i.FSMC_NORSRAMInit)
    GPIO_Init                                0x08001f57   Thumb Code   278  stm32f10x_gpio.o(i.GPIO_Init)
    GPIO_ReadInputDataBit                    0x0800206d   Thumb Code    18  stm32f10x_gpio.o(i.GPIO_ReadInputDataBit)
    GPIO_SetBits                             0x0800207f   Thumb Code     4  stm32f10x_gpio.o(i.GPIO_SetBits)
    GPS_Analysis                             0x08002083   Thumb Code    56  gps.o(i.GPS_Analysis)
    Gps_Msg_Show                             0x080020bd   Thumb Code   612  gps_ctrl.o(i.Gps_Msg_Show)
    HardFault_Handler                        0x0800244d   Thumb Code    46  stm32f10x_it.o(i.HardFault_Handler)
    IWDG_Enable                              0x08002485   Thumb Code    10  stm32f10x_iwdg.o(i.IWDG_Enable)
    IWDG_Feed                                0x08002495   Thumb Code     8  wdg.o(i.IWDG_Feed)
    IWDG_Init                                0x0800249d   Thumb Code    36  wdg.o(i.IWDG_Init)
    IWDG_ReloadCounter                       0x080024c1   Thumb Code    10  stm32f10x_iwdg.o(i.IWDG_ReloadCounter)
    IWDG_SetPrescaler                        0x080024d1   Thumb Code     6  stm32f10x_iwdg.o(i.IWDG_SetPrescaler)
    IWDG_SetReload                           0x080024dd   Thumb Code     6  stm32f10x_iwdg.o(i.IWDG_SetReload)
    IWDG_WriteAccessCmd                      0x080024e9   Thumb Code     6  stm32f10x_iwdg.o(i.IWDG_WriteAccessCmd)
    KEY_Init                                 0x080024f5   Thumb Code    52  key.o(i.KEY_Init)
    KEY_Scan                                 0x08002531   Thumb Code   188  key.o(i.KEY_Scan)
    LCD_Clear                                0x080025f9   Thumb Code   100  lcd.o(i.LCD_Clear)
    LCD_Display_Dir                          0x08002665   Thumb Code   444  lcd.o(i.LCD_Display_Dir)
    LCD_Fast_DrawPoint                       0x08002825   Thumb Code   370  lcd.o(i.LCD_Fast_DrawPoint)
    LCD_Init                                 0x080029a1   Thumb Code 14162  lcd.o(i.LCD_Init)
    LCD_RD_DATA                              0x080060fd   Thumb Code    14  lcd.o(i.LCD_RD_DATA)
    LCD_ReadReg                              0x08006111   Thumb Code    22  lcd.o(i.LCD_ReadReg)
    LCD_SSD_BackLightSet                     0x08006129   Thumb Code    80  lcd.o(i.LCD_SSD_BackLightSet)
    LCD_Scan_Dir                             0x0800617d   Thumb Code   744  lcd.o(i.LCD_Scan_Dir)
    LCD_SetCursor                            0x08006469   Thumb Code   418  lcd.o(i.LCD_SetCursor)
    LCD_ShowChar                             0x08006611   Thumb Code   272  lcd.o(i.LCD_ShowChar)
    LCD_ShowString                           0x08006739   Thumb Code   102  lcd.o(i.LCD_ShowString)
    LCD_WR_DATA                              0x080067a1   Thumb Code     6  lcd.o(i.LCD_WR_DATA)
    LCD_WR_REG                               0x080067ad   Thumb Code     6  lcd.o(i.LCD_WR_REG)
    LCD_WriteRAM_Prepare                     0x080067b9   Thumb Code    10  lcd.o(i.LCD_WriteRAM_Prepare)
    LCD_WriteReg                             0x080067cd   Thumb Code    10  lcd.o(i.LCD_WriteReg)
    LED0_off                                 0x080067dd   Thumb Code     8  led.o(i.LED0_off)
    LED0_on                                  0x080067e9   Thumb Code     8  led.o(i.LED0_on)
    LED1_off                                 0x080067f5   Thumb Code     8  led.o(i.LED1_off)
    LED1_on                                  0x08006801   Thumb Code     8  led.o(i.LED1_on)
    LED_Init                                 0x0800680d   Thumb Code    68  led.o(i.LED_Init)
    MemManage_Handler                        0x08006859   Thumb Code     4  stm32f10x_it.o(i.MemManage_Handler)
    NMEA_BDGSV_Analysis                      0x0800685d   Thumb Code   298  gps.o(i.NMEA_BDGSV_Analysis)
    NMEA_Comma_Pos                           0x08006991   Thumb Code    50  gps.o(i.NMEA_Comma_Pos)
    NMEA_GNGGA_Analysis                      0x080069c5   Thumb Code    96  gps.o(i.NMEA_GNGGA_Analysis)
    NMEA_GNGSA_Analysis                      0x08006a2d   Thumb Code   176  gps.o(i.NMEA_GNGSA_Analysis)
    NMEA_GNRMC_Analysis                      0x08006ae5   Thumb Code   536  gps.o(i.NMEA_GNRMC_Analysis)
    NMEA_GNVTG_Analysis                      0x08006d09   Thumb Code    78  gps.o(i.NMEA_GNVTG_Analysis)
    NMEA_GPGSV_Analysis                      0x08006d61   Thumb Code   290  gps.o(i.NMEA_GPGSV_Analysis)
    NMEA_Pow                                 0x08006e8d   Thumb Code    22  gps.o(i.NMEA_Pow)
    NMEA_Str2num                             0x08006ea3   Thumb Code   234  gps.o(i.NMEA_Str2num)
    NMI_Handler                              0x08006f8d   Thumb Code     2  stm32f10x_it.o(i.NMI_Handler)
    NVIC_Init                                0x08006f91   Thumb Code   100  misc.o(i.NVIC_Init)
    NVIC_PriorityGroupConfig                 0x08007001   Thumb Code    10  misc.o(i.NVIC_PriorityGroupConfig)
    RCC_AHBPeriphClockCmd                    0x08007015   Thumb Code    26  stm32f10x_rcc.o(i.RCC_AHBPeriphClockCmd)
    RCC_APB1PeriphClockCmd                   0x08007035   Thumb Code    26  stm32f10x_rcc.o(i.RCC_APB1PeriphClockCmd)
    RCC_APB1PeriphResetCmd                   0x08007055   Thumb Code    26  stm32f10x_rcc.o(i.RCC_APB1PeriphResetCmd)
    RCC_APB2PeriphClockCmd                   0x08007075   Thumb Code    26  stm32f10x_rcc.o(i.RCC_APB2PeriphClockCmd)
    RCC_APB2PeriphResetCmd                   0x08007095   Thumb Code    26  stm32f10x_rcc.o(i.RCC_APB2PeriphResetCmd)
    RCC_GetClocksFreq                        0x080070b5   Thumb Code   192  stm32f10x_rcc.o(i.RCC_GetClocksFreq)
    SkyTra_Cfg_Ack_Check                     0x08007271   Thumb Code   100  gps.o(i.SkyTra_Cfg_Ack_Check)
    SkyTra_Cfg_Prt                           0x080072dd   Thumb Code    86  gps.o(i.SkyTra_Cfg_Prt)
    SkyTra_Cfg_Rate                          0x0800733d   Thumb Code    60  gps.o(i.SkyTra_Cfg_Rate)
    SkyTra_Cfg_Tp                            0x0800737d   Thumb Code   126  gps.o(i.SkyTra_Cfg_Tp)
    SkyTra_Send_Date                         0x08007401   Thumb Code    40  gps.o(i.SkyTra_Send_Date)
    SysTick_CLKSourceConfig                  0x0800742d   Thumb Code    40  misc.o(i.SysTick_CLKSourceConfig)
    SysTick_Handler                          0x08007455   Thumb Code    16  delay.o(i.SysTick_Handler)
    SystemInit                               0x08007465   Thumb Code    78  system_stm32f10x.o(i.SystemInit)
    TIM5_IRQHandler                          0x080074c5   Thumb Code    42  timer.o(i.TIM5_IRQHandler)
    TIM5_Int_Init                            0x080074f9   Thumb Code    90  timer.o(i.TIM5_Int_Init)
    TIM7_IRQHandler                          0x08007559   Thumb Code    42  timer.o(i.TIM7_IRQHandler)
    TIM7_Int_Init                            0x0800758d   Thumb Code    90  timer.o(i.TIM7_Int_Init)
    TIM7_SetARR                              0x080075ed   Thumb Code    36  timer.o(i.TIM7_SetARR)
    TIM_ClearITPendingBit                    0x08007615   Thumb Code     6  stm32f10x_tim.o(i.TIM_ClearITPendingBit)
    TIM_Cmd                                  0x0800761b   Thumb Code    24  stm32f10x_tim.o(i.TIM_Cmd)
    TIM_GetITStatus                          0x08007633   Thumb Code    34  stm32f10x_tim.o(i.TIM_GetITStatus)
    TIM_ITConfig                             0x08007655   Thumb Code    18  stm32f10x_tim.o(i.TIM_ITConfig)
    TIM_SetCounter                           0x08007667   Thumb Code     4  stm32f10x_tim.o(i.TIM_SetCounter)
    TIM_TimeBaseInit                         0x0800766d   Thumb Code   122  stm32f10x_tim.o(i.TIM_TimeBaseInit)
    USART1_IRQHandler                        0x08007711   Thumb Code    94  usart.o(i.USART1_IRQHandler)
    USART3_IRQHandler                        0x08007781   Thumb Code    94  usart3.o(i.USART3_IRQHandler)
    USART_Cmd                                0x080077f1   Thumb Code    24  stm32f10x_usart.o(i.USART_Cmd)
    USART_DeInit                             0x08007809   Thumb Code   134  stm32f10x_usart.o(i.USART_DeInit)
    USART_GetFlagStatus                      0x080078a5   Thumb Code    26  stm32f10x_usart.o(i.USART_GetFlagStatus)
    USART_GetITStatus                        0x080078bf   Thumb Code    84  stm32f10x_usart.o(i.USART_GetITStatus)
    USART_ITConfig                           0x08007913   Thumb Code    74  stm32f10x_usart.o(i.USART_ITConfig)
    USART_Init                               0x0800795d   Thumb Code   210  stm32f10x_usart.o(i.USART_Init)
    USART_ReceiveData                        0x08007a35   Thumb Code    10  stm32f10x_usart.o(i.USART_ReceiveData)
    USART_SendData                           0x08007a3f   Thumb Code     8  stm32f10x_usart.o(i.USART_SendData)
    UsageFault_Handler                       0x08007a47   Thumb Code     4  stm32f10x_it.o(i.UsageFault_Handler)
    __ARM_fpclassify                         0x08007a4b   Thumb Code    40  fpclassify.o(i.__ARM_fpclassify)
    _is_digit                                0x08007a73   Thumb Code    14  __printf_wp.o(i._is_digit)
    _sys_exit                                0x08007a81   Thumb Code     6  usart.o(i._sys_exit)
    connect_BL                               0x08007a89   Thumb Code   338  bl_gprs_ctrl.o(i.connect_BL)
    ctrl_Init                                0x08007ce9   Thumb Code   164  init.o(i.ctrl_Init)
    delay_init                               0x08007dc5   Thumb Code    74  delay.o(i.delay_init)
    delay_ms                                 0x08007e21   Thumb Code    62  delay.o(i.delay_ms)
    delay_us                                 0x08007e65   Thumb Code    68  delay.o(i.delay_us)
    fputc                                    0x08007ead   Thumb Code    24  usart.o(i.fputc)
    gps_Init                                 0x08007ec9   Thumb Code    92  gps_ctrl.o(i.gps_Init)
    gps_task                                 0x08007f59   Thumb Code   116  gps_ctrl.o(i.gps_task)
    led_task                                 0x08007fe1   Thumb Code    44  led_ctrl.o(i.led_task)
    main                                     0x08008019   Thumb Code    48  main.o(i.main)
    pvPortMalloc                             0x08008b55   Thumb Code   262  heap_4.o(i.pvPortMalloc)
    pvTaskIncrementMutexHeldCount            0x08008ca9   Thumb Code    26  tasks.o(i.pvTaskIncrementMutexHeldCount)
    pxPortInitialiseStack                    0x08008cc9   Thumb Code    30  port.o(i.pxPortInitialiseStack)
    sim800c_check_cmd                        0x08008ced   Thumb Code    44  bl_gprs_ctrl.o(i.sim800c_check_cmd)
    sim800c_send_cmd                         0x08008d21   Thumb Code   154  bl_gprs_ctrl.o(i.sim800c_send_cmd)
    sim800c_wait_request                     0x08008dd5   Thumb Code    84  bl_gprs_ctrl.o(i.sim800c_wait_request)
    start_task                               0x08008e2d   Thumb Code   100  scheduler.o(i.start_task)
    time_transfer                            0x08008ef1   Thumb Code    64  gps_ctrl.o(i.time_transfer)
    u3_printf                                0x08008f3d   Thumb Code    72  usart3.o(i.u3_printf)
    uart_init                                0x08008f8d   Thumb Code   192  usart.o(i.uart_init)
    usart3_init                              0x0800905d   Thumb Code   192  usart3.o(i.usart3_init)
    uxListRemove                             0x0800912d   Thumb Code    40  list.o(i.uxListRemove)
    vListInitialise                          0x08009155   Thumb Code    26  list.o(i.vListInitialise)
    vListInitialiseItem                      0x0800916f   Thumb Code     6  list.o(i.vListInitialiseItem)
    vListInsert                              0x08009175   Thumb Code    52  list.o(i.vListInsert)
    vListInsertEnd                           0x080091a9   Thumb Code    24  list.o(i.vListInsertEnd)
    vPortEnterCritical                       0x080091c1   Thumb Code    68  port.o(i.vPortEnterCritical)
    vPortExitCritical                        0x08009249   Thumb Code    48  port.o(i.vPortExitCritical)
    vPortFree                                0x080092b9   Thumb Code   120  heap_4.o(i.vPortFree)
    vPortSetupTimerInterrupt                 0x08009371   Thumb Code    26  port.o(i.vPortSetupTimerInterrupt)
    vPortValidateInterruptPriority           0x08009391   Thumb Code    86  port.o(i.vPortValidateInterruptPriority)
    vQueueAddToRegistry                      0x08009431   Thumb Code    38  queue.o(i.vQueueAddToRegistry)
    vQueueWaitForMessageRestricted           0x0800945d   Thumb Code    74  queue.o(i.vQueueWaitForMessageRestricted)
    vTaskDelay                               0x080094a9   Thumb Code    72  tasks.o(i.vTaskDelay)
    vTaskDelayUntil                          0x0800951d   Thumb Code   170  tasks.o(i.vTaskDelayUntil)
    vTaskDelete                              0x080095f9   Thumb Code   192  tasks.o(i.vTaskDelete)
    vTaskMissedYield                         0x08009705   Thumb Code     8  tasks.o(i.vTaskMissedYield)
    vTaskPlaceOnEventList                    0x08009711   Thumb Code    42  tasks.o(i.vTaskPlaceOnEventList)
    vTaskPlaceOnEventListRestricted          0x08009765   Thumb Code    50  tasks.o(i.vTaskPlaceOnEventListRestricted)
    vTaskPriorityInherit                     0x080097c1   Thumb Code   164  tasks.o(i.vTaskPriorityInherit)
    vTaskSetTimeOutState                     0x08009871   Thumb Code    32  tasks.o(i.vTaskSetTimeOutState)
    vTaskStartScheduler                      0x080098bd   Thumb Code   108  tasks.o(i.vTaskStartScheduler)
    vTaskSuspendAll                          0x08009969   Thumb Code    12  tasks.o(i.vTaskSuspendAll)
    vTaskSwitchContext                       0x08009979   Thumb Code   110  tasks.o(i.vTaskSwitchContext)
    xDate2Seconds                            0x08009a21   Thumb Code    96  time_shift.o(i.xDate2Seconds)
    xPortStartScheduler                      0x08009a8d   Thumb Code   140  port.o(i.xPortStartScheduler)
    xPortSysTickHandler                      0x08009b2d   Thumb Code    46  port.o(i.xPortSysTickHandler)
    xQueueGenericCreate                      0x08009b61   Thumb Code    78  queue.o(i.xQueueGenericCreate)
    xQueueGenericReceive                     0x08009bd5   Thumb Code   416  queue.o(i.xQueueGenericReceive)
    xQueueGenericReset                       0x08009d9d   Thumb Code   136  queue.o(i.xQueueGenericReset)
    xQueueGenericSend                        0x08009e4d   Thumb Code   412  queue.o(i.xQueueGenericSend)
    xQueueGenericSendFromISR                 0x0800a011   Thumb Code   234  queue.o(i.xQueueGenericSendFromISR)
    xTaskCheckForTimeOut                     0x0800a121   Thumb Code   116  tasks.o(i.xTaskCheckForTimeOut)
    xTaskCreate                              0x0800a1c1   Thumb Code    96  tasks.o(i.xTaskCreate)
    xTaskGetSchedulerState                   0x0800a221   Thumb Code    24  tasks.o(i.xTaskGetSchedulerState)
    xTaskGetTickCount                        0x0800a241   Thumb Code     6  tasks.o(i.xTaskGetTickCount)
    xTaskIncrementTick                       0x0800a24d   Thumb Code   272  tasks.o(i.xTaskIncrementTick)
    xTaskPriorityDisinherit                  0x0800a3ad   Thumb Code   168  tasks.o(i.xTaskPriorityDisinherit)
    xTaskRemoveFromEventList                 0x0800a485   Thumb Code   118  tasks.o(i.xTaskRemoveFromEventList)
    xTaskResumeAll                           0x0800a539   Thumb Code   214  tasks.o(i.xTaskResumeAll)
    xTimerCreateTimerTask                    0x0800a659   Thumb Code    56  timers.o(i.xTimerCreateTimerTask)
    xTimerGenericCommand                     0x0800a6cd   Thumb Code   118  timers.o(i.xTimerGenericCommand)
    _get_lc_numeric                          0x0800a771   Thumb Code    44  lc_numeric_c.o(locale$$code)
    _get_lc_ctype                            0x0800a79d   Thumb Code    44  lc_ctype_c.o(locale$$code)
    __aeabi_d2uiz                            0x0800a7c9   Thumb Code     0  dfixu.o(x$fpl$dfixu)
    _dfixu                                   0x0800a7c9   Thumb Code    90  dfixu.o(x$fpl$dfixu)
    __aeabi_ui2d                             0x0800a823   Thumb Code     0  dflt_clz.o(x$fpl$dfltu)
    _dfltu                                   0x0800a823   Thumb Code    38  dflt_clz.o(x$fpl$dfltu)
    __aeabi_dmul                             0x0800a849   Thumb Code     0  dmul.o(x$fpl$dmul)
    _dmul                                    0x0800a849   Thumb Code   332  dmul.o(x$fpl$dmul)
    __fpl_dnaninf                            0x0800a99d   Thumb Code   156  dnaninf.o(x$fpl$dnaninf)
    __fpl_dretinf                            0x0800aa39   Thumb Code    12  dretinf.o(x$fpl$dretinf)
    __aeabi_f2d                              0x0800aa45   Thumb Code     0  f2d.o(x$fpl$f2d)
    _f2d                                     0x0800aa45   Thumb Code    86  f2d.o(x$fpl$f2d)
    __aeabi_fadd                             0x0800aa9d   Thumb Code     0  faddsub_clz.o(x$fpl$fadd)
    _fadd                                    0x0800aa9d   Thumb Code   196  faddsub_clz.o(x$fpl$fadd)
    __aeabi_fdiv                             0x0800ab61   Thumb Code     0  fdiv.o(x$fpl$fdiv)
    _fdiv                                    0x0800ab61   Thumb Code   384  fdiv.o(x$fpl$fdiv)
    __aeabi_f2uiz                            0x0800ace5   Thumb Code     0  ffixu.o(x$fpl$ffixu)
    _ffixu                                   0x0800ace5   Thumb Code    62  ffixu.o(x$fpl$ffixu)
    __aeabi_i2f                              0x0800ad25   Thumb Code     0  fflt_clz.o(x$fpl$fflt)
    _fflt                                    0x0800ad25   Thumb Code    48  fflt_clz.o(x$fpl$fflt)
    __aeabi_ui2f                             0x0800ad55   Thumb Code     0  fflt_clz.o(x$fpl$ffltu)
    _ffltu                                   0x0800ad55   Thumb Code    38  fflt_clz.o(x$fpl$ffltu)
    __aeabi_fmul                             0x0800ad7d   Thumb Code     0  fmul.o(x$fpl$fmul)
    _fmul                                    0x0800ad7d   Thumb Code   258  fmul.o(x$fpl$fmul)
    __fpl_fnaninf                            0x0800ae7f   Thumb Code   140  fnaninf.o(x$fpl$fnaninf)
    __fpl_fretinf                            0x0800af0b   Thumb Code    10  fretinf.o(x$fpl$fretinf)
    __aeabi_fsub                             0x0800af15   Thumb Code     0  faddsub_clz.o(x$fpl$fsub)
    _fsub                                    0x0800af15   Thumb Code   234  faddsub_clz.o(x$fpl$fsub)
    _printf_fp_dec                           0x0800afff   Thumb Code     4  printf1.o(x$fpl$printf1)
    __I$use$fp                               0x0800b002   Number         0  usenofp.o(x$fpl$usenofp)
    BAUD_id                                  0x0800b004   Data          36  gps.o(.constdata)
    asc2_1206                                0x0800b028   Data        1140  lcd.o(.constdata)
    asc2_1608                                0x0800b49c   Data        1520  lcd.o(.constdata)
    asc2_2412                                0x0800ba8c   Data        3420  lcd.o(.constdata)
    Region$$Table$$Base                      0x0800c8d8   Number         0  anon$$obj.o(Region$$Table)
    Region$$Table$$Limit                     0x0800c8f8   Number         0  anon$$obj.o(Region$$Table)
    __ctype                                  0x0800c921   Data           0  lc_ctype_c.o(locale$$data)
    StartTask_Handler                        0x20000000   Data           4  main.o(.data)
    all_init                                 0x20000004   Data           1  main.o(.data)
    SystemCoreClock                          0x20000008   Data           4  system_stm32f10x.o(.data)
    AHBPrescTable                            0x2000000c   Data          16  system_stm32f10x.o(.data)
    GPSTask_Handler                          0x2000001c   Data           4  scheduler.o(.data)
    BL_SEND_Task_Handler                     0x20000020   Data           4  scheduler.o(.data)
    BL_REC_Task_Handler                      0x20000024   Data           4  scheduler.o(.data)
    LEDTask_Handler                          0x20000028   Data           4  scheduler.o(.data)
    __stdout                                 0x20000030   Data           4  usart.o(.data)
    USART_RX_STA                             0x20000034   Data           2  usart.o(.data)
    POINT_COLOR                              0x20000038   Data           2  lcd.o(.data)
    BACK_COLOR                               0x2000003a   Data           2  lcd.o(.data)
    USART3_RX_STA                            0x2000003c   Data           2  usart3.o(.data)
    pxCurrentTCB                             0x20000054   Data           4  tasks.o(.data)
    Unix_time                                0x200000c8   Data           4  gps_ctrl.o(.data)
    fixmode_tbl                              0x200000cc   Data          16  gps_ctrl.o(.data)
    status_gps                               0x200000dc   Data           4  gps_ctrl.o(.data)
    Scan_Wtime                               0x200000e0   Data           1  bl_gprs_ctrl.o(.data)
    BT_Scan_mode                             0x200000e1   Data           1  bl_gprs_ctrl.o(.data)
    USART_TX_BUF                             0x20000114   Data         600  usart.o(.bss)
    USART_RX_BUF                             0x2000036c   Data         600  usart.o(.bss)
    lcddev                                   0x200005c4   Data          14  lcd.o(.bss)
    USART3_RX_BUF                            0x200005d2   Data         600  usart3.o(.bss)
    USART3_TX_BUF                            0x2000082a   Data         600  usart3.o(.bss)
    xQueueRegistry                           0x20000a84   Data          64  queue.o(.bss)
    TX_BUF                                   0x20005dd0   Data         600  gps_ctrl.o(.bss)
    gpsx                                     0x20006028   Data         166  gps_ctrl.o(.bss)
    dtbuf                                    0x200060d0   Data          50  gps_ctrl.o(.bss)
    UTC_time                                 0x20006104   Data          24  gps_ctrl.o(.bss)
    dtbuff                                   0x2000611c   Data          50  bl_gprs_ctrl.o(.bss)
    __libspace_start                         0x20006150   Data          96  libspace.o(.bss)
    __temporary_stack_top$libspace           0x200061b0   Data           0  libspace.o(.bss)



==============================================================================

Memory Map of the image

  Image Entry point : 0x08000311

  Load Region LR_1 (Base: 0x08000000, Size: 0x0000cb38, Max: 0xffffffff, ABSOLUTE)

    Execution Region ER_RO (Base: 0x08000000, Size: 0x0000ca24, Max: 0xffffffff, ABSOLUTE)

    Base Addr    Size         Type   Attr      Idx    E Section Name        Object

    0x08000000   0x00000130   Data   RO          961    RESET               startup_stm32f10x_hd.o
    0x08000130   0x00000008   Code   RO         5141  * !!!main             c_w.l(__main.o)
    0x08000138   0x00000034   Code   RO         5471    !!!scatter          c_w.l(__scatter.o)
    0x0800016c   0x0000001a   Code   RO         5473    !!handler_copy      c_w.l(__scatter_copy.o)
    0x08000186   0x00000002   PAD
    0x08000188   0x0000001c   Code   RO         5475    !!handler_zi        c_w.l(__scatter_zi.o)
    0x080001a4   0x00000000   Code   RO         5128    .ARM.Collect$$_printf_percent$$00000000  c_w.l(_printf_percent.o)
    0x080001a4   0x00000006   Code   RO         5232    .ARM.Collect$$_printf_percent$$00000001  c_w.l(_printf_n.o)
    0x080001aa   0x00000006   Code   RO         5234    .ARM.Collect$$_printf_percent$$00000002  c_w.l(_printf_p.o)
    0x080001b0   0x00000006   Code   RO         5127    .ARM.Collect$$_printf_percent$$00000003  c_w.l(_printf_f.o)
    0x080001b6   0x00000006   Code   RO         5236    .ARM.Collect$$_printf_percent$$00000004  c_w.l(_printf_e.o)
    0x080001bc   0x00000006   Code   RO         5237    .ARM.Collect$$_printf_percent$$00000005  c_w.l(_printf_g.o)
    0x080001c2   0x00000006   Code   RO         5238    .ARM.Collect$$_printf_percent$$00000006  c_w.l(_printf_a.o)
    0x080001c8   0x0000000a   Code   RO         5243    .ARM.Collect$$_printf_percent$$00000007  c_w.l(_printf_ll.o)
    0x080001d2   0x00000006   Code   RO         5124    .ARM.Collect$$_printf_percent$$00000008  c_w.l(_printf_i.o)
    0x080001d8   0x00000006   Code   RO         5125    .ARM.Collect$$_printf_percent$$00000009  c_w.l(_printf_d.o)
    0x080001de   0x00000006   Code   RO         5126    .ARM.Collect$$_printf_percent$$0000000A  c_w.l(_printf_u.o)
    0x080001e4   0x00000006   Code   RO         5235    .ARM.Collect$$_printf_percent$$0000000B  c_w.l(_printf_o.o)
    0x080001ea   0x00000006   Code   RO         5233    .ARM.Collect$$_printf_percent$$0000000C  c_w.l(_printf_x.o)
    0x080001f0   0x00000006   Code   RO         5240    .ARM.Collect$$_printf_percent$$0000000D  c_w.l(_printf_lli.o)
    0x080001f6   0x00000006   Code   RO         5241    .ARM.Collect$$_printf_percent$$0000000E  c_w.l(_printf_lld.o)
    0x080001fc   0x00000006   Code   RO         5242    .ARM.Collect$$_printf_percent$$0000000F  c_w.l(_printf_llu.o)
    0x08000202   0x00000006   Code   RO         5247    .ARM.Collect$$_printf_percent$$00000010  c_w.l(_printf_llo.o)
    0x08000208   0x00000006   Code   RO         5248    .ARM.Collect$$_printf_percent$$00000011  c_w.l(_printf_llx.o)
    0x0800020e   0x0000000a   Code   RO         5244    .ARM.Collect$$_printf_percent$$00000012  c_w.l(_printf_l.o)
    0x08000218   0x00000006   Code   RO         5122    .ARM.Collect$$_printf_percent$$00000013  c_w.l(_printf_c.o)
    0x0800021e   0x00000006   Code   RO         5123    .ARM.Collect$$_printf_percent$$00000014  c_w.l(_printf_s.o)
    0x08000224   0x00000006   Code   RO         5245    .ARM.Collect$$_printf_percent$$00000015  c_w.l(_printf_lc.o)
    0x0800022a   0x00000006   Code   RO         5246    .ARM.Collect$$_printf_percent$$00000016  c_w.l(_printf_ls.o)
    0x08000230   0x00000004   Code   RO         5239    .ARM.Collect$$_printf_percent$$00000017  c_w.l(_printf_percent_end.o)
    0x08000234   0x00000002   Code   RO         5346    .ARM.Collect$$libinit$$00000000  c_w.l(libinit.o)
    0x08000236   0x00000000   Code   RO         5348    .ARM.Collect$$libinit$$00000002  c_w.l(libinit2.o)
    0x08000236   0x00000000   Code   RO         5350    .ARM.Collect$$libinit$$00000004  c_w.l(libinit2.o)
    0x08000236   0x00000000   Code   RO         5353    .ARM.Collect$$libinit$$0000000A  c_w.l(libinit2.o)
    0x08000236   0x00000000   Code   RO         5355    .ARM.Collect$$libinit$$0000000C  c_w.l(libinit2.o)
    0x08000236   0x00000000   Code   RO         5357    .ARM.Collect$$libinit$$0000000E  c_w.l(libinit2.o)
    0x08000236   0x00000006   Code   RO         5358    .ARM.Collect$$libinit$$0000000F  c_w.l(libinit2.o)
    0x0800023c   0x00000000   Code   RO         5360    .ARM.Collect$$libinit$$00000011  c_w.l(libinit2.o)
    0x0800023c   0x0000000c   Code   RO         5361    .ARM.Collect$$libinit$$00000012  c_w.l(libinit2.o)
    0x08000248   0x00000000   Code   RO         5362    .ARM.Collect$$libinit$$00000013  c_w.l(libinit2.o)
    0x08000248   0x00000000   Code   RO         5364    .ARM.Collect$$libinit$$00000015  c_w.l(libinit2.o)
    0x08000248   0x0000000a   Code   RO         5365    .ARM.Collect$$libinit$$00000016  c_w.l(libinit2.o)
    0x08000252   0x00000000   Code   RO         5366    .ARM.Collect$$libinit$$00000017  c_w.l(libinit2.o)
    0x08000252   0x00000000   Code   RO         5368    .ARM.Collect$$libinit$$00000019  c_w.l(libinit2.o)
    0x08000252   0x00000000   Code   RO         5370    .ARM.Collect$$libinit$$0000001B  c_w.l(libinit2.o)
    0x08000252   0x00000000   Code   RO         5372    .ARM.Collect$$libinit$$0000001D  c_w.l(libinit2.o)
    0x08000252   0x00000000   Code   RO         5374    .ARM.Collect$$libinit$$0000001F  c_w.l(libinit2.o)
    0x08000252   0x00000000   Code   RO         5376    .ARM.Collect$$libinit$$00000021  c_w.l(libinit2.o)
    0x08000252   0x00000000   Code   RO         5378    .ARM.Collect$$libinit$$00000023  c_w.l(libinit2.o)
    0x08000252   0x00000000   Code   RO         5380    .ARM.Collect$$libinit$$00000025  c_w.l(libinit2.o)
    0x08000252   0x00000000   Code   RO         5384    .ARM.Collect$$libinit$$0000002C  c_w.l(libinit2.o)
    0x08000252   0x00000000   Code   RO         5386    .ARM.Collect$$libinit$$0000002E  c_w.l(libinit2.o)
    0x08000252   0x00000000   Code   RO         5388    .ARM.Collect$$libinit$$00000030  c_w.l(libinit2.o)
    0x08000252   0x00000000   Code   RO         5390    .ARM.Collect$$libinit$$00000032  c_w.l(libinit2.o)
    0x08000252   0x00000002   Code   RO         5391    .ARM.Collect$$libinit$$00000033  c_w.l(libinit2.o)
    0x08000254   0x00000002   Code   RO         5422    .ARM.Collect$$libshutdown$$00000000  c_w.l(libshutdown.o)
    0x08000256   0x00000000   Code   RO         5432    .ARM.Collect$$libshutdown$$00000003  c_w.l(libshutdown2.o)
    0x08000256   0x00000000   Code   RO         5435    .ARM.Collect$$libshutdown$$00000006  c_w.l(libshutdown2.o)
    0x08000256   0x00000000   Code   RO         5438    .ARM.Collect$$libshutdown$$00000009  c_w.l(libshutdown2.o)
    0x08000256   0x00000000   Code   RO         5440    .ARM.Collect$$libshutdown$$0000000B  c_w.l(libshutdown2.o)
    0x08000256   0x00000000   Code   RO         5443    .ARM.Collect$$libshutdown$$0000000E  c_w.l(libshutdown2.o)
    0x08000256   0x00000002   Code   RO         5444    .ARM.Collect$$libshutdown$$0000000F  c_w.l(libshutdown2.o)
    0x08000258   0x00000000   Code   RO         5183    .ARM.Collect$$rtentry$$00000000  c_w.l(__rtentry.o)
    0x08000258   0x00000000   Code   RO         5263    .ARM.Collect$$rtentry$$00000002  c_w.l(__rtentry2.o)
    0x08000258   0x00000006   Code   RO         5275    .ARM.Collect$$rtentry$$00000004  c_w.l(__rtentry4.o)
    0x0800025e   0x00000000   Code   RO         5265    .ARM.Collect$$rtentry$$00000009  c_w.l(__rtentry2.o)
    0x0800025e   0x00000004   Code   RO         5266    .ARM.Collect$$rtentry$$0000000A  c_w.l(__rtentry2.o)
    0x08000262   0x00000000   Code   RO         5268    .ARM.Collect$$rtentry$$0000000C  c_w.l(__rtentry2.o)
    0x08000262   0x00000008   Code   RO         5269    .ARM.Collect$$rtentry$$0000000D  c_w.l(__rtentry2.o)
    0x0800026a   0x00000002   Code   RO         5392    .ARM.Collect$$rtexit$$00000000  c_w.l(rtexit.o)
    0x0800026c   0x00000000   Code   RO         5402    .ARM.Collect$$rtexit$$00000002  c_w.l(rtexit2.o)
    0x0800026c   0x00000004   Code   RO         5403    .ARM.Collect$$rtexit$$00000003  c_w.l(rtexit2.o)
    0x08000270   0x00000006   Code   RO         5404    .ARM.Collect$$rtexit$$00000004  c_w.l(rtexit2.o)
    0x08000276   0x00000002   PAD
    0x08000278   0x00000096   Code   RO         4855    .emb_text           port.o
    0x0800030e   0x00000002   PAD
    0x08000310   0x00000040   Code   RO          962  * .text               startup_stm32f10x_hd.o
    0x08000350   0x00000002   Code   RO         5082    .text               c_w.l(use_no_semi_2.o)
    0x08000352   0x00000002   PAD
    0x08000354   0x00000024   Code   RO         5084    .text               c_w.l(c89vsprintf.o)
    0x08000378   0x00000018   Code   RO         5086    .text               c_w.l(__2printf.o)
    0x08000390   0x0000002c   Code   RO         5088    .text               c_w.l(__2sprintf.o)
    0x080003bc   0x0000004e   Code   RO         5096    .text               c_w.l(_printf_pad.o)
    0x0800040a   0x00000052   Code   RO         5098    .text               c_w.l(_printf_str.o)
    0x0800045c   0x00000078   Code   RO         5100    .text               c_w.l(_printf_dec.o)
    0x080004d4   0x00000188   Code   RO         5119    .text               c_w.l(__printf_flags_ss_wp.o)
    0x0800065c   0x00000024   Code   RO         5129    .text               c_w.l(strstr.o)
    0x08000680   0x0000003e   Code   RO         5133    .text               c_w.l(strlen.o)
    0x080006be   0x0000008a   Code   RO         5135    .text               c_w.l(rt_memcpy_v6.o)
    0x08000748   0x00000010   Code   RO         5137    .text               c_w.l(aeabi_memset.o)
    0x08000758   0x00000006   Code   RO         5139    .text               c_w.l(heapauxi.o)
    0x0800075e   0x00000002   Code   RO         5181    .text               c_w.l(use_no_semi.o)
    0x08000760   0x00000024   Code   RO         5184    .text               c_w.l(_printf_truncate.o)
    0x08000784   0x000000b2   Code   RO         5186    .text               c_w.l(_printf_intcommon.o)
    0x08000836   0x00000028   Code   RO         5188    .text               c_w.l(_printf_charcount.o)
    0x0800085e   0x0000041a   Code   RO         5190    .text               c_w.l(_printf_fp_dec.o)
    0x08000c78   0x00000030   Code   RO         5192    .text               c_w.l(_printf_char_common.o)
    0x08000ca8   0x0000000a   Code   RO         5194    .text               c_w.l(_sputc.o)
    0x08000cb2   0x0000002c   Code   RO         5196    .text               c_w.l(_printf_char.o)
    0x08000cde   0x00000002   PAD
    0x08000ce0   0x00000024   Code   RO         5198    .text               c_w.l(_printf_char_file.o)
    0x08000d04   0x000000bc   Code   RO         5200    .text               c_w.l(_printf_wctomb.o)
    0x08000dc0   0x0000007c   Code   RO         5203    .text               c_w.l(_printf_longlong_dec.o)
    0x08000e3c   0x00000070   Code   RO         5209    .text               c_w.l(_printf_oct_int_ll.o)
    0x08000eac   0x00000094   Code   RO         5229    .text               c_w.l(_printf_hex_int_ll_ptr.o)
    0x08000f40   0x00000064   Code   RO         5249    .text               c_w.l(rt_memcpy_w.o)
    0x08000fa4   0x00000044   Code   RO         5251    .text               c_w.l(rt_memclr.o)
    0x08000fe8   0x00000008   Code   RO         5280    .text               c_w.l(rt_locale_intlibspace.o)
    0x08000ff0   0x0000008a   Code   RO         5282    .text               c_w.l(lludiv10.o)
    0x0800107a   0x00000002   PAD
    0x0800107c   0x00000080   Code   RO         5284    .text               c_w.l(_printf_fp_infnan.o)
    0x080010fc   0x0000002c   Code   RO         5288    .text               c_w.l(_printf_wchar.o)
    0x08001128   0x000000dc   Code   RO         5290    .text               c_w.l(bigflt0.o)
    0x08001204   0x00000008   Code   RO         5315    .text               c_w.l(ferror.o)
    0x0800120c   0x00000040   Code   RO         5319    .text               c_w.l(_wcrtomb.o)
    0x0800124c   0x0000004e   Code   RO         5324    .text               c_w.l(rt_memclr_w.o)
    0x0800129a   0x00000002   PAD
    0x0800129c   0x00000008   Code   RO         5330    .text               c_w.l(libspace.o)
    0x080012a4   0x0000004a   Code   RO         5333    .text               c_w.l(sys_stackheap_outer.o)
    0x080012ee   0x00000002   PAD
    0x080012f0   0x00000010   Code   RO         5335    .text               c_w.l(rt_ctype_table.o)
    0x08001300   0x0000000c   Code   RO         5337    .text               c_w.l(exit.o)
    0x0800130c   0x00000080   Code   RO         5339    .text               c_w.l(strcmpv7m.o)
    0x0800138c   0x0000003e   Code   RO         5293    CL$$btod_d2e        c_w.l(btod.o)
    0x080013ca   0x00000046   Code   RO         5295    CL$$btod_d2e_denorm_low  c_w.l(btod.o)
    0x08001410   0x00000060   Code   RO         5294    CL$$btod_d2e_norm_op1  c_w.l(btod.o)
    0x08001470   0x00000338   Code   RO         5303    CL$$btod_div_common  c_w.l(btod.o)
    0x080017a8   0x000000c6   Code   RO         5300    CL$$btod_e2e        c_w.l(btod.o)
    0x0800186e   0x00000028   Code   RO         5297    CL$$btod_ediv       c_w.l(btod.o)
    0x08001896   0x00000028   Code   RO         5296    CL$$btod_emul       c_w.l(btod.o)
    0x080018be   0x00000244   Code   RO         5302    CL$$btod_mult_common  c_w.l(btod.o)
    0x08001b02   0x00000002   PAD
    0x08001b04   0x00000100   Code   RO         4999    i.BL_GPRS_Init      bl_gprs_ctrl.o
    0x08001c04   0x000001e8   Code   RO         5000    i.BL_GPRS_Msg_Show  bl_gprs_ctrl.o
    0x08001dec   0x00000024   Code   RO         5001    i.BL_GPRS_REC_task  bl_gprs_ctrl.o
    0x08001e10   0x00000024   Code   RO         5002    i.BL_GPRS_SEND_task  bl_gprs_ctrl.o
    0x08001e34   0x00000004   Code   RO          215    i.BusFault_Handler  stm32f10x_it.o
    0x08001e38   0x00000002   Code   RO          216    i.DebugMon_Handler  stm32f10x_it.o
    0x08001e3a   0x00000002   PAD
    0x08001e3c   0x00000034   Code   RO         2002    i.FSMC_NORSRAMCmd   stm32f10x_fsmc.o
    0x08001e70   0x000000e6   Code   RO         2004    i.FSMC_NORSRAMInit  stm32f10x_fsmc.o
    0x08001f56   0x00000116   Code   RO         2117    i.GPIO_Init         stm32f10x_gpio.o
    0x0800206c   0x00000012   Code   RO         2121    i.GPIO_ReadInputDataBit  stm32f10x_gpio.o
    0x0800207e   0x00000004   Code   RO         2125    i.GPIO_SetBits      stm32f10x_gpio.o
    0x08002082   0x00000038   Code   RO          521    i.GPS_Analysis      gps.o
    0x080020ba   0x00000002   PAD
    0x080020bc   0x00000390   Code   RO         4932    i.Gps_Msg_Show      gps_ctrl.o
    0x0800244c   0x00000038   Code   RO          217    i.HardFault_Handler  stm32f10x_it.o
    0x08002484   0x00000010   Code   RO         2429    i.IWDG_Enable       stm32f10x_iwdg.o
    0x08002494   0x00000008   Code   RO          931    i.IWDG_Feed         wdg.o
    0x0800249c   0x00000024   Code   RO          932    i.IWDG_Init         wdg.o
    0x080024c0   0x00000010   Code   RO         2431    i.IWDG_ReloadCounter  stm32f10x_iwdg.o
    0x080024d0   0x0000000c   Code   RO         2432    i.IWDG_SetPrescaler  stm32f10x_iwdg.o
    0x080024dc   0x0000000c   Code   RO         2433    i.IWDG_SetReload    stm32f10x_iwdg.o
    0x080024e8   0x0000000c   Code   RO         2434    i.IWDG_WriteAccessCmd  stm32f10x_iwdg.o
    0x080024f4   0x0000003c   Code   RO          630    i.KEY_Init          key.o
    0x08002530   0x000000c8   Code   RO          631    i.KEY_Scan          key.o
    0x080025f8   0x0000006c   Code   RO          650    i.LCD_Clear         lcd.o
    0x08002664   0x000001c0   Code   RO          654    i.LCD_Display_Dir   lcd.o
    0x08002824   0x0000017c   Code   RO          659    i.LCD_Fast_DrawPoint  lcd.o
    0x080029a0   0x0000375c   Code   RO          661    i.LCD_Init          lcd.o
    0x080060fc   0x00000014   Code   RO          663    i.LCD_RD_DATA       lcd.o
    0x08006110   0x00000016   Code   RO          665    i.LCD_ReadReg       lcd.o
    0x08006126   0x00000002   PAD
    0x08006128   0x00000054   Code   RO          666    i.LCD_SSD_BackLightSet  lcd.o
    0x0800617c   0x000002ec   Code   RO          667    i.LCD_Scan_Dir      lcd.o
    0x08006468   0x000001a8   Code   RO          668    i.LCD_SetCursor     lcd.o
    0x08006610   0x00000128   Code   RO          670    i.LCD_ShowChar      lcd.o
    0x08006738   0x00000066   Code   RO          672    i.LCD_ShowString    lcd.o
    0x0800679e   0x00000002   PAD
    0x080067a0   0x0000000c   Code   RO          674    i.LCD_WR_DATA       lcd.o
    0x080067ac   0x0000000c   Code   RO          675    i.LCD_WR_REG        lcd.o
    0x080067b8   0x00000014   Code   RO          677    i.LCD_WriteRAM_Prepare  lcd.o
    0x080067cc   0x00000010   Code   RO          678    i.LCD_WriteReg      lcd.o
    0x080067dc   0x0000000c   Code   RO          485    i.LED0_off          led.o
    0x080067e8   0x0000000c   Code   RO          486    i.LED0_on           led.o
    0x080067f4   0x0000000c   Code   RO          487    i.LED1_off          led.o
    0x08006800   0x0000000c   Code   RO          488    i.LED1_on           led.o
    0x0800680c   0x0000004c   Code   RO          489    i.LED_Init          led.o
    0x08006858   0x00000004   Code   RO          218    i.MemManage_Handler  stm32f10x_it.o
    0x0800685c   0x00000134   Code   RO          522    i.NMEA_BDGSV_Analysis  gps.o
    0x08006990   0x00000032   Code   RO          523    i.NMEA_Comma_Pos    gps.o
    0x080069c2   0x00000002   PAD
    0x080069c4   0x00000068   Code   RO          524    i.NMEA_GNGGA_Analysis  gps.o
    0x08006a2c   0x000000b8   Code   RO          525    i.NMEA_GNGSA_Analysis  gps.o
    0x08006ae4   0x00000224   Code   RO          526    i.NMEA_GNRMC_Analysis  gps.o
    0x08006d08   0x00000058   Code   RO          527    i.NMEA_GNVTG_Analysis  gps.o
    0x08006d60   0x0000012c   Code   RO          528    i.NMEA_GPGSV_Analysis  gps.o
    0x08006e8c   0x00000016   Code   RO          529    i.NMEA_Pow          gps.o
    0x08006ea2   0x000000ea   Code   RO          530    i.NMEA_Str2num      gps.o
    0x08006f8c   0x00000002   Code   RO          219    i.NMI_Handler       stm32f10x_it.o
    0x08006f8e   0x00000002   PAD
    0x08006f90   0x00000070   Code   RO          966    i.NVIC_Init         misc.o
    0x08007000   0x00000014   Code   RO          967    i.NVIC_PriorityGroupConfig  misc.o
    0x08007014   0x00000020   Code   RO         2532    i.RCC_AHBPeriphClockCmd  stm32f10x_rcc.o
    0x08007034   0x00000020   Code   RO         2533    i.RCC_APB1PeriphClockCmd  stm32f10x_rcc.o
    0x08007054   0x00000020   Code   RO         2534    i.RCC_APB1PeriphResetCmd  stm32f10x_rcc.o
    0x08007074   0x00000020   Code   RO         2535    i.RCC_APB2PeriphClockCmd  stm32f10x_rcc.o
    0x08007094   0x00000020   Code   RO         2536    i.RCC_APB2PeriphResetCmd  stm32f10x_rcc.o
    0x080070b4   0x000000d4   Code   RO         2543    i.RCC_GetClocksFreq  stm32f10x_rcc.o
    0x08007188   0x00000008   Code   RO          264    i.SetSysClock       system_stm32f10x.o
    0x08007190   0x000000e0   Code   RO          265    i.SetSysClockTo72   system_stm32f10x.o
    0x08007270   0x0000006c   Code   RO          531    i.SkyTra_Cfg_Ack_Check  gps.o
    0x080072dc   0x00000060   Code   RO          532    i.SkyTra_Cfg_Prt    gps.o
    0x0800733c   0x00000040   Code   RO          533    i.SkyTra_Cfg_Rate   gps.o
    0x0800737c   0x00000084   Code   RO          534    i.SkyTra_Cfg_Tp     gps.o
    0x08007400   0x0000002c   Code   RO          535    i.SkyTra_Send_Date  gps.o
    0x0800742c   0x00000028   Code   RO          970    i.SysTick_CLKSourceConfig  misc.o
    0x08007454   0x00000010   Code   RO          325    i.SysTick_Handler   delay.o
    0x08007464   0x00000060   Code   RO          267    i.SystemInit        system_stm32f10x.o
    0x080074c4   0x00000034   Code   RO          894    i.TIM5_IRQHandler   timer.o
    0x080074f8   0x00000060   Code   RO          895    i.TIM5_Int_Init     timer.o
    0x08007558   0x00000034   Code   RO          896    i.TIM7_IRQHandler   timer.o
    0x0800758c   0x00000060   Code   RO          897    i.TIM7_Int_Init     timer.o
    0x080075ec   0x00000028   Code   RO          898    i.TIM7_SetARR       timer.o
    0x08007614   0x00000006   Code   RO         3162    i.TIM_ClearITPendingBit  stm32f10x_tim.o
    0x0800761a   0x00000018   Code   RO         3167    i.TIM_Cmd           stm32f10x_tim.o
    0x08007632   0x00000022   Code   RO         3188    i.TIM_GetITStatus   stm32f10x_tim.o
    0x08007654   0x00000012   Code   RO         3192    i.TIM_ITConfig      stm32f10x_tim.o
    0x08007666   0x00000004   Code   RO         3232    i.TIM_SetCounter    stm32f10x_tim.o
    0x0800766a   0x00000002   PAD
    0x0800766c   0x000000a4   Code   RO         3238    i.TIM_TimeBaseInit  stm32f10x_tim.o
    0x08007710   0x00000070   Code   RO          432    i.USART1_IRQHandler  usart.o
    0x08007780   0x00000070   Code   RO          859    i.USART3_IRQHandler  usart3.o
    0x080077f0   0x00000018   Code   RO         3703    i.USART_Cmd         stm32f10x_usart.o
    0x08007808   0x0000009c   Code   RO         3705    i.USART_DeInit      stm32f10x_usart.o
    0x080078a4   0x0000001a   Code   RO         3706    i.USART_GetFlagStatus  stm32f10x_usart.o
    0x080078be   0x00000054   Code   RO         3707    i.USART_GetITStatus  stm32f10x_usart.o
    0x08007912   0x0000004a   Code   RO         3709    i.USART_ITConfig    stm32f10x_usart.o
    0x0800795c   0x000000d8   Code   RO         3710    i.USART_Init        stm32f10x_usart.o
    0x08007a34   0x0000000a   Code   RO         3717    i.USART_ReceiveData  stm32f10x_usart.o
    0x08007a3e   0x00000008   Code   RO         3720    i.USART_SendData    stm32f10x_usart.o
    0x08007a46   0x00000004   Code   RO          220    i.UsageFault_Handler  stm32f10x_it.o
    0x08007a4a   0x00000028   Code   RO         5328    i.__ARM_fpclassify  m_ws.l(fpclassify.o)
    0x08007a72   0x0000000e   Code   RO         5112    i._is_digit         c_w.l(__printf_wp.o)
    0x08007a80   0x00000006   Code   RO          433    i._sys_exit         usart.o
    0x08007a86   0x00000002   PAD
    0x08007a88   0x00000260   Code   RO         5003    i.connect_BL        bl_gprs_ctrl.o
    0x08007ce8   0x000000dc   Code   RO          313    i.ctrl_Init         init.o
    0x08007dc4   0x0000005c   Code   RO          326    i.delay_init        delay.o
    0x08007e20   0x00000044   Code   RO          327    i.delay_ms          delay.o
    0x08007e64   0x00000048   Code   RO          328    i.delay_us          delay.o
    0x08007eac   0x0000001c   Code   RO          434    i.fputc             usart.o
    0x08007ec8   0x00000090   Code   RO         4933    i.gps_Init          gps_ctrl.o
    0x08007f58   0x00000088   Code   RO         4934    i.gps_task          gps_ctrl.o
    0x08007fe0   0x00000038   Code   RO         4980    i.led_task          led_ctrl.o
    0x08008018   0x00000048   Code   RO            1    i.main              main.o
    0x08008060   0x00000098   Code   RO         4316    i.prvAddCurrentTaskToDelayedList  tasks.o
    0x080080f8   0x000000b8   Code   RO         4317    i.prvAddNewTaskToReadyList  tasks.o
    0x080081b0   0x00000064   Code   RO         4676    i.prvCheckForValidListAndQueue  timers.o
    0x08008214   0x00000064   Code   RO         4318    i.prvCheckTasksWaitingTermination  tasks.o
    0x08008278   0x0000002a   Code   RO         4083    i.prvCopyDataFromQueue  queue.o
    0x080082a2   0x0000007c   Code   RO         4084    i.prvCopyDataToQueue  queue.o
    0x0800831e   0x00000012   Code   RO         4319    i.prvDeleteTCB      tasks.o
    0x08008330   0x00000028   Code   RO         4677    i.prvGetNextExpireTime  timers.o
    0x08008358   0x0000007c   Code   RO         4806    i.prvHeapInit       heap_4.o
    0x080083d4   0x00000028   Code   RO         4320    i.prvIdleTask       tasks.o
    0x080083fc   0x0000002e   Code   RO         4086    i.prvInitialiseNewQueue  queue.o
    0x0800842a   0x00000002   PAD
    0x0800842c   0x000000d0   Code   RO         4321    i.prvInitialiseNewTask  tasks.o
    0x080084fc   0x00000068   Code   RO         4322    i.prvInitialiseTaskLists  tasks.o
    0x08008564   0x00000068   Code   RO         4807    i.prvInsertBlockIntoFreeList  heap_4.o
    0x080085cc   0x00000058   Code   RO         4679    i.prvInsertTimerInActiveList  timers.o
    0x08008624   0x0000001a   Code   RO         4087    i.prvIsQueueEmpty   queue.o
    0x0800863e   0x0000001e   Code   RO         4088    i.prvIsQueueFull    queue.o
    0x0800865c   0x000000a0   Code   RO         4089    i.prvNotifyQueueSetContainer  queue.o
    0x080086fc   0x00000080   Code   RO         4680    i.prvProcessExpiredTimer  timers.o
    0x0800877c   0x0000012c   Code   RO         4681    i.prvProcessReceivedCommands  timers.o
    0x080088a8   0x00000074   Code   RO         4682    i.prvProcessTimerOrBlockTask  timers.o
    0x0800891c   0x00000034   Code   RO         4324    i.prvResetNextTaskUnblockTime  tasks.o
    0x08008950   0x0000002c   Code   RO         4683    i.prvSampleTimeNow  timers.o
    0x0800897c   0x000000bc   Code   RO         4684    i.prvSwitchTimerLists  timers.o
    0x08008a38   0x00000070   Code   RO         4856    i.prvTaskExitError  port.o
    0x08008aa8   0x0000001a   Code   RO         4685    i.prvTimerTask      timers.o
    0x08008ac2   0x00000092   Code   RO         4090    i.prvUnlockQueue    queue.o
    0x08008b54   0x00000154   Code   RO         4808    i.pvPortMalloc      heap_4.o
    0x08008ca8   0x00000020   Code   RO         4328    i.pvTaskIncrementMutexHeldCount  tasks.o
    0x08008cc8   0x00000024   Code   RO         4857    i.pxPortInitialiseStack  port.o
    0x08008cec   0x00000034   Code   RO         5004    i.sim800c_check_cmd  bl_gprs_ctrl.o
    0x08008d20   0x000000b4   Code   RO         5005    i.sim800c_send_cmd  bl_gprs_ctrl.o
    0x08008dd4   0x00000058   Code   RO         5006    i.sim800c_wait_request  bl_gprs_ctrl.o
    0x08008e2c   0x000000c4   Code   RO          298    i.start_task        scheduler.o
    0x08008ef0   0x0000004c   Code   RO         4935    i.time_transfer     gps_ctrl.o
    0x08008f3c   0x00000050   Code   RO          860    i.u3_printf         usart3.o
    0x08008f8c   0x000000d0   Code   RO          436    i.uart_init         usart.o
    0x0800905c   0x000000d0   Code   RO          861    i.usart3_init       usart3.o
    0x0800912c   0x00000028   Code   RO         4046    i.uxListRemove      list.o
    0x08009154   0x0000001a   Code   RO         4047    i.vListInitialise   list.o
    0x0800916e   0x00000006   Code   RO         4048    i.vListInitialiseItem  list.o
    0x08009174   0x00000034   Code   RO         4049    i.vListInsert       list.o
    0x080091a8   0x00000018   Code   RO         4050    i.vListInsertEnd    list.o
    0x080091c0   0x00000088   Code   RO         4859    i.vPortEnterCritical  port.o
    0x08009248   0x00000070   Code   RO         4860    i.vPortExitCritical  port.o
    0x080092b8   0x000000b8   Code   RO         4809    i.vPortFree         heap_4.o
    0x08009370   0x00000020   Code   RO         4861    i.vPortSetupTimerInterrupt  port.o
    0x08009390   0x000000a0   Code   RO         4862    i.vPortValidateInterruptPriority  port.o
    0x08009430   0x0000002c   Code   RO         4096    i.vQueueAddToRegistry  queue.o
    0x0800945c   0x0000004a   Code   RO         4100    i.vQueueWaitForMessageRestricted  queue.o
    0x080094a6   0x00000002   PAD
    0x080094a8   0x00000074   Code   RO         4336    i.vTaskDelay        tasks.o
    0x0800951c   0x000000dc   Code   RO         4337    i.vTaskDelayUntil   tasks.o
    0x080095f8   0x0000010c   Code   RO         4338    i.vTaskDelete       tasks.o
    0x08009704   0x0000000c   Code   RO         4342    i.vTaskMissedYield  tasks.o
    0x08009710   0x00000054   Code   RO         4344    i.vTaskPlaceOnEventList  tasks.o
    0x08009764   0x0000005c   Code   RO         4345    i.vTaskPlaceOnEventListRestricted  tasks.o
    0x080097c0   0x000000b0   Code   RO         4347    i.vTaskPriorityInherit  tasks.o
    0x08009870   0x0000004c   Code   RO         4351    i.vTaskSetTimeOutState  tasks.o
    0x080098bc   0x000000ac   Code   RO         4352    i.vTaskStartScheduler  tasks.o
    0x08009968   0x00000010   Code   RO         4354    i.vTaskSuspendAll   tasks.o
    0x08009978   0x000000a8   Code   RO         4355    i.vTaskSwitchContext  tasks.o
    0x08009a20   0x0000006c   Code   RO         5067    i.xDate2Seconds     time_shift.o
    0x08009a8c   0x000000a0   Code   RO         4863    i.xPortStartScheduler  port.o
    0x08009b2c   0x00000034   Code   RO         4864    i.xPortSysTickHandler  port.o
    0x08009b60   0x00000074   Code   RO         4105    i.xQueueGenericCreate  queue.o
    0x08009bd4   0x000001c8   Code   RO         4106    i.xQueueGenericReceive  queue.o
    0x08009d9c   0x000000b0   Code   RO         4107    i.xQueueGenericReset  queue.o
    0x08009e4c   0x000001c4   Code   RO         4108    i.xQueueGenericSend  queue.o
    0x0800a010   0x00000110   Code   RO         4109    i.xQueueGenericSendFromISR  queue.o
    0x0800a120   0x000000a0   Code   RO         4356    i.xTaskCheckForTimeOut  tasks.o
    0x0800a1c0   0x00000060   Code   RO         4357    i.xTaskCreate       tasks.o
    0x0800a220   0x00000020   Code   RO         4361    i.xTaskGetSchedulerState  tasks.o
    0x0800a240   0x0000000c   Code   RO         4362    i.xTaskGetTickCount  tasks.o
    0x0800a24c   0x00000160   Code   RO         4364    i.xTaskIncrementTick  tasks.o
    0x0800a3ac   0x000000d8   Code   RO         4367    i.xTaskPriorityDisinherit  tasks.o
    0x0800a484   0x000000b4   Code   RO         4368    i.xTaskRemoveFromEventList  tasks.o
    0x0800a538   0x00000120   Code   RO         4370    i.xTaskResumeAll    tasks.o
    0x0800a658   0x00000074   Code   RO         4689    i.xTimerCreateTimerTask  timers.o
    0x0800a6cc   0x000000a4   Code   RO         4690    i.xTimerGenericCommand  timers.o
    0x0800a770   0x0000002c   Code   RO         5322    locale$$code        c_w.l(lc_numeric_c.o)
    0x0800a79c   0x0000002c   Code   RO         5395    locale$$code        c_w.l(lc_ctype_c.o)
    0x0800a7c8   0x0000005a   Code   RO         5143    x$fpl$dfixu         fz_ws.l(dfixu.o)
    0x0800a822   0x00000026   Code   RO         5147    x$fpl$dfltu         fz_ws.l(dflt_clz.o)
    0x0800a848   0x00000154   Code   RO         5153    x$fpl$dmul          fz_ws.l(dmul.o)
    0x0800a99c   0x0000009c   Code   RO         5253    x$fpl$dnaninf       fz_ws.l(dnaninf.o)
    0x0800aa38   0x0000000c   Code   RO         5255    x$fpl$dretinf       fz_ws.l(dretinf.o)
    0x0800aa44   0x00000056   Code   RO         5155    x$fpl$f2d           fz_ws.l(f2d.o)
    0x0800aa9a   0x00000002   PAD
    0x0800aa9c   0x000000c4   Code   RO         5157    x$fpl$fadd          fz_ws.l(faddsub_clz.o)
    0x0800ab60   0x00000184   Code   RO         5164    x$fpl$fdiv          fz_ws.l(fdiv.o)
    0x0800ace4   0x0000003e   Code   RO         5167    x$fpl$ffixu         fz_ws.l(ffixu.o)
    0x0800ad22   0x00000002   PAD
    0x0800ad24   0x00000030   Code   RO         5172    x$fpl$fflt          fz_ws.l(fflt_clz.o)
    0x0800ad54   0x00000026   Code   RO         5171    x$fpl$ffltu         fz_ws.l(fflt_clz.o)
    0x0800ad7a   0x00000002   PAD
    0x0800ad7c   0x00000102   Code   RO         5177    x$fpl$fmul          fz_ws.l(fmul.o)
    0x0800ae7e   0x0000008c   Code   RO         5257    x$fpl$fnaninf       fz_ws.l(fnaninf.o)
    0x0800af0a   0x0000000a   Code   RO         5259    x$fpl$fretinf       fz_ws.l(fretinf.o)
    0x0800af14   0x000000ea   Code   RO         5159    x$fpl$fsub          fz_ws.l(faddsub_clz.o)
    0x0800affe   0x00000004   Code   RO         5179    x$fpl$printf1       fz_ws.l(printf1.o)
    0x0800b002   0x00000000   Code   RO         5261    x$fpl$usenofp       fz_ws.l(usenofp.o)
    0x0800b002   0x00000002   PAD
    0x0800b004   0x00000024   Data   RO          536    .constdata          gps.o
    0x0800b028   0x000017c0   Data   RO          681    .constdata          lcd.o
    0x0800c7e8   0x00000011   Data   RO         5120    .constdata          c_w.l(__printf_flags_ss_wp.o)
    0x0800c7f9   0x00000003   PAD
    0x0800c7fc   0x00000008   Data   RO         5201    .constdata          c_w.l(_printf_wctomb.o)
    0x0800c804   0x00000028   Data   RO         5230    .constdata          c_w.l(_printf_hex_int_ll_ptr.o)
    0x0800c82c   0x00000094   Data   RO         5291    .constdata          c_w.l(bigflt0.o)
    0x0800c8c0   0x00000015   Data   RO         4937    .conststring        gps_ctrl.o
    0x0800c8d5   0x00000003   PAD
    0x0800c8d8   0x00000020   Data   RO         5469    Region$$Table       anon$$obj.o
    0x0800c8f8   0x0000001c   Data   RO         5321    locale$$data        c_w.l(lc_numeric_c.o)
    0x0800c914   0x00000110   Data   RO         5394    locale$$data        c_w.l(lc_ctype_c.o)


    Execution Region ER_RW (Base: 0x20000000, Size: 0x00000114, Max: 0xffffffff, ABSOLUTE)

    Base Addr    Size         Type   Attr      Idx    E Section Name        Object

    0x20000000   0x00000005   Data   RW            2    .data               main.o
    0x20000005   0x00000003   PAD
    0x20000008   0x00000014   Data   RW          268    .data               system_stm32f10x.o
    0x2000001c   0x00000010   Data   RW          299    .data               scheduler.o
    0x2000002c   0x00000004   Data   RW          330    .data               delay.o
    0x20000030   0x00000006   Data   RW          438    .data               usart.o
    0x20000036   0x00000001   Data   RW          632    .data               key.o
    0x20000037   0x00000001   PAD
    0x20000038   0x00000004   Data   RW          682    .data               lcd.o
    0x2000003c   0x00000002   Data   RW          863    .data               usart3.o
    0x2000003e   0x00000014   Data   RW         2563    .data               stm32f10x_rcc.o
    0x20000052   0x00000002   PAD
    0x20000054   0x0000003c   Data   RW         4373    .data               tasks.o
    0x20000090   0x00000014   Data   RW         4698    .data               timers.o
    0x200000a4   0x00000018   Data   RW         4814    .data               heap_4.o
    0x200000bc   0x0000000c   Data   RW         4865    .data               port.o
    0x200000c8   0x00000018   Data   RW         4938    .data               gps_ctrl.o
    0x200000e0   0x00000002   Data   RW         5008    .data               bl_gprs_ctrl.o
    0x200000e2   0x00000002   PAD
    0x200000e4   0x00000030   Data   RW         5068    .data               time_shift.o


    Execution Region ER_ZI (Base: 0x20000114, Size: 0x0000669c, Max: 0xffffffff, ABSOLUTE)

    Base Addr    Size         Type   Attr      Idx    E Section Name        Object

    0x20000114   0x000004b0   Zero   RW          437    .bss                usart.o
    0x200005c4   0x0000000e   Zero   RW          680    .bss                lcd.o
    0x200005d2   0x000004b0   Zero   RW          862    .bss                usart3.o
    0x20000a82   0x00000002   PAD
    0x20000a84   0x00000040   Zero   RW         4120    .bss                queue.o
    0x20000ac4   0x000002e4   Zero   RW         4372    .bss                tasks.o
    0x20000da8   0x00000028   Zero   RW         4697    .bss                timers.o
    0x20000dd0   0x00005000   Zero   RW         4813    .bss                heap_4.o
    0x20005dd0   0x0000034c   Zero   RW         4936    .bss                gps_ctrl.o
    0x2000611c   0x00000032   Zero   RW         5007    .bss                bl_gprs_ctrl.o
    0x2000614e   0x00000002   PAD
    0x20006150   0x00000060   Zero   RW         5331    .bss                c_w.l(libspace.o)
    0x200061b0   0x00000200   Zero   RW          960    HEAP                startup_stm32f10x_hd.o
    0x200063b0   0x00000400   Zero   RW          959    STACK               startup_stm32f10x_hd.o


==============================================================================

Image component sizes


      Code (inc. data)   RO Data    RW Data    ZI Data      Debug   Object Name

      1744        550          0          2         50       5981   bl_gprs_ctrl.o
       248         28          0          4          0     207181   delay.o
         0          0          0          0          0       7968   event_groups.o
      2338         90         36          0          0      12941   gps.o
      1268        384         21         24        844       3107   gps_ctrl.o
       752        176          0         24      20480       3899   heap_4.o
       220         56          0          0          0        556   init.o
       260         20          0          1          0       1194   key.o
     16864        170       6080          4         14      21843   lcd.o
       124         24          0          0          0       2237   led.o
        56         12          0          0          0        479   led_ctrl.o
       148          0          0          0          0       3098   list.o
        72         24          0          5          0     275368   main.o
       172         22          0          0          0       2113   misc.o
       950        320          0         12          0      10313   port.o
      2164        238          0          0         64      12749   queue.o
       196         96          0         16          0        936   scheduler.o
        64         26        304          0       1536        804   startup_stm32f10x_hd.o
       282          6          0          0          0       1857   stm32f10x_fsmc.o
       300          0          0          0          0       3151   stm32f10x_gpio.o
        72         10          0          0          0      17708   stm32f10x_it.o
        68         30          0          0          0       2550   stm32f10x_iwdg.o
       372         50          0         20          0       6260   stm32f10x_rcc.o
       250         42          0          0          0       4171   stm32f10x_tim.o
       598         28          0          0          0       6824   stm32f10x_usart.o
         0          0          0          0          0         32   sys.o
       328         28          0         20          0       2157   system_stm32f10x.o
      3626        928          0         60        740      29625   tasks.o
       108         12          0         48          0        964   time_shift.o
       336         36          0          0          0       2814   timer.o
      1310        312          0         20         40       8455   timers.o
       354         38          0          6       1200       5021   usart.o
       400         42          0          2       1200       2758   usart3.o
        44          0          0          0          0       1004   wdg.o

    ----------------------------------------------------------------------
     36110       3798       6476        276      26172     668118   Object Totals
         0          0         32          0          0          0   (incl. Generated)
        22          0          3          8          4          0   (incl. Padding)

    ----------------------------------------------------------------------

      Code (inc. data)   RO Data    RW Data    ZI Data      Debug   Library Member Name

        24          4          0          0          0         84   __2printf.o
        44          6          0          0          0         84   __2sprintf.o
         8          0          0          0          0         68   __main.o
       392          4         17          0          0         92   __printf_flags_ss_wp.o
        14          0          0          0          0         68   __printf_wp.o
         0          0          0          0          0          0   __rtentry.o
        12          0          0          0          0          0   __rtentry2.o
         6          0          0          0          0          0   __rtentry4.o
        52          8          0          0          0          0   __scatter.o
        26          0          0          0          0          0   __scatter_copy.o
        28          0          0          0          0          0   __scatter_zi.o
         6          0          0          0          0          0   _printf_a.o
         6          0          0          0          0          0   _printf_c.o
        44          0          0          0          0        108   _printf_char.o
        48          6          0          0          0         96   _printf_char_common.o
        36          4          0          0          0         80   _printf_char_file.o
        40          0          0          0          0         68   _printf_charcount.o
         6          0          0          0          0          0   _printf_d.o
       120         16          0          0          0         92   _printf_dec.o
         6          0          0          0          0          0   _printf_e.o
         6          0          0          0          0          0   _printf_f.o
      1050          0          0          0          0        216   _printf_fp_dec.o
       128         16          0          0          0         84   _printf_fp_infnan.o
         6          0          0          0          0          0   _printf_g.o
       148          4         40          0          0        160   _printf_hex_int_ll_ptr.o
         6          0          0          0          0          0   _printf_i.o
       178          0          0          0          0         88   _printf_intcommon.o
        10          0          0          0          0          0   _printf_l.o
         6          0          0          0          0          0   _printf_lc.o
        10          0          0          0          0          0   _printf_ll.o
         6          0          0          0          0          0   _printf_lld.o
         6          0          0          0          0          0   _printf_lli.o
         6          0          0          0          0          0   _printf_llo.o
         6          0          0          0          0          0   _printf_llu.o
         6          0          0          0          0          0   _printf_llx.o
       124         16          0          0          0         92   _printf_longlong_dec.o
         6          0          0          0          0          0   _printf_ls.o
         6          0          0          0          0          0   _printf_n.o
         6          0          0          0          0          0   _printf_o.o
       112          8          0          0          0        124   _printf_oct_int_ll.o
         6          0          0          0          0          0   _printf_p.o
        78          0          0          0          0        108   _printf_pad.o
         0          0          0          0          0          0   _printf_percent.o
         4          0          0          0          0          0   _printf_percent_end.o
         6          0          0          0          0          0   _printf_s.o
        82          0          0          0          0         80   _printf_str.o
        36          0          0          0          0         84   _printf_truncate.o
         6          0          0          0          0          0   _printf_u.o
        44          0          0          0          0        108   _printf_wchar.o
       188          6          8          0          0         92   _printf_wctomb.o
         6          0          0          0          0          0   _printf_x.o
        10          0          0          0          0         68   _sputc.o
        64          0          0          0          0         92   _wcrtomb.o
        16          0          0          0          0         68   aeabi_memset.o
       220          4        148          0          0         96   bigflt0.o
      1910        128          0          0          0        672   btod.o
        36          4          0          0          0         76   c89vsprintf.o
        12          0          0          0          0         72   exit.o
         8          0          0          0          0         68   ferror.o
         6          0          0          0          0        152   heapauxi.o
        44         10        272          0          0         76   lc_ctype_c.o
        44         10         28          0          0         76   lc_numeric_c.o
         2          0          0          0          0          0   libinit.o
        30          0          0          0          0          0   libinit2.o
         2          0          0          0          0          0   libshutdown.o
         2          0          0          0          0          0   libshutdown2.o
         8          4          0          0         96         68   libspace.o
       138          0          0          0          0         80   lludiv10.o
        16          4          0          0          0         76   rt_ctype_table.o
         8          4          0          0          0         68   rt_locale_intlibspace.o
        68          0          0          0          0         68   rt_memclr.o
        78          0          0          0          0         80   rt_memclr_w.o
       138          0          0          0          0         68   rt_memcpy_v6.o
       100          0          0          0          0         80   rt_memcpy_w.o
         2          0          0          0          0          0   rtexit.o
        10          0          0          0          0          0   rtexit2.o
       128          0          0          0          0         68   strcmpv7m.o
        62          0          0          0          0         76   strlen.o
        36          0          0          0          0         80   strstr.o
        74          0          0          0          0         80   sys_stackheap_outer.o
         2          0          0          0          0         68   use_no_semi.o
         2          0          0          0          0         68   use_no_semi_2.o
        90          4          0          0          0         92   dfixu.o
        38          0          0          0          0         68   dflt_clz.o
       340         12          0          0          0        104   dmul.o
       156          4          0          0          0         92   dnaninf.o
        12          0          0          0          0         68   dretinf.o
        86          4          0          0          0         84   f2d.o
       430          8          0          0          0        168   faddsub_clz.o
       388         76          0          0          0         96   fdiv.o
        62          4          0          0          0         84   ffixu.o
        86          0          0          0          0        136   fflt_clz.o
       258          4          0          0          0         84   fmul.o
       140          4          0          0          0         84   fnaninf.o
        10          0          0          0          0         68   fretinf.o
         4          0          0          0          0         68   printf1.o
         0          0          0          0          0          0   usenofp.o
        40          0          0          0          0         68   fpclassify.o

    ----------------------------------------------------------------------
      8646        386        516          0         96       5984   Library Totals
        24          0          3          0          0          0   (incl. Padding)

    ----------------------------------------------------------------------

      Code (inc. data)   RO Data    RW Data    ZI Data      Debug   Library Name

      6482        266        513          0         96       4620   c_w.l
      2100        120          0          0          0       1296   fz_ws.l
        40          0          0          0          0         68   m_ws.l

    ----------------------------------------------------------------------
      8646        386        516          0         96       5984   Library Totals

    ----------------------------------------------------------------------

==============================================================================


      Code (inc. data)   RO Data    RW Data    ZI Data      Debug   

     44756       4184       6992        276      26268     661254   Grand Totals
     44756       4184       6992        276      26268     661254   ELF Image Totals
     44756       4184       6992        276          0          0   ROM Totals

==============================================================================

    Total RO  Size (Code + RO Data)                51748 (  50.54kB)
    Total RW  Size (RW Data + ZI Data)             26544 (  25.92kB)
    Total ROM Size (Code + RO Data + RW Data)      52024 (  50.80kB)

==============================================================================

